Product: MDK-ARM Standard 5.10
Component: ARM Compiler 5.04 update 1 (build 49)
Tool: armlink [5040049]

==============================================================================

Section Cross References

    main.o(.text) refers to user_msgheap.o(.text) for popMsg
    main.o(.text) refers to user_protocol.o(.text) for DealMsg
    main.o(.text) refers to system_stm32f10x.o(.text) for SystemInit
    main.o(.text) refers to user_init.o(.text) for NVIC_Configuration
    main.o(.text) refers to stm32f10x_gpio.o(.text) for GPIO_PinRemapConfig
    main.o(.text) refers to user_uart.o(.text) for UART1_Configuration
    main.o(.text) refers to user_led.o(.text) for GPIO_Configuration
    main.o(.text) refers to user_global.o(.text) for initGlobalVariable
    main.o(.text) refers to user_display.o(.text) for DISPLAY_init
    main.o(.text) refers to user_flash.o(.text) for Flash_init
    main.o(.text) refers to stm32f10x_it.o(.data) for exFlagCheckHeart
    main.o(.text) refers to user_global.o(.data) for dev
    main.o(.text) refers to system_stm32f10x.o(.constdata) for SystemFrequency
    stm32f10x_it.o(.text) refers to user_uart.o(.text) for DealMsSendMsg
    stm32f10x_it.o(.text) refers to stm32f10x_usart.o(.text) for USART_GetITStatus
    stm32f10x_it.o(.text) refers to user_led.o(.text) for LED_ON
    stm32f10x_it.o(.text) refers to stm32f10x_it.o(.data) for gCurrentMsTime
    stm32f10x_it.o(.text) refers to user_global.o(.data) for dev
    stm32f10x_it.o(.text) refers to user_global.o(.bss) for RxBuffer2
    stm32f10x_it.o(.text) refers to user_display.o(.data) for page_7
    stm32f10x_it.o(.text) refers to rt_memcpy_w.o(.text) for __aeabi_memcpy4
    stm32f10x_it.o(.text) refers to rt_memcpy_v6.o(.text) for __aeabi_memcpy
    stm32f10x_it.o(.text) refers to user_global.o(.text) for getStrLen
    stm32f10x_it.o(.text) refers to user_msgheap.o(.text) for pushSendMsg
    stm32f10x_it.o(.text) refers to user_display.o(.text) for Display_Page
    stm32f10x_it.o(.text) refers to stm32f10x_tim.o(.text) for TIM_GetFlagStatus
    stm32f10x_it.o(.text) refers to stm32f10x_it.o(.bss) for gblinkInfo
    stm32f10x_it.o(.text) refers to user_protocol.o(.text) for isGetHelp
    stm32f10x_it.o(.text) refers to stm32f10x_exti.o(.text) for EXTI_GetITStatus
    user_led.o(.text) refers to stm32f10x_gpio.o(.text) for GPIO_Init
    user_led.o(.text) refers to user_led.o(.data) for len_on
    user_uart.o(.text) refers to stm32f10x_usart.o(.text) for USART_Init
    user_uart.o(.text) refers to stm32f10x_gpio.o(.text) for GPIO_Init
    user_uart.o(.text) refers to user_protocol.o(.text) for MsgSendData
    user_uart.o(.text) refers to user_msgheap.o(.text) for popSendMsg
    user_uart.o(.text) refers to user_global.o(.text) for getStrLen
    user_uart.o(.text) refers to user_global.o(.data) for RxCounter1
    user_uart.o(.text) refers to user_global.o(.bss) for RxBuffer1
    user_uart.o(.text) refers to user_uart.o(.data) for sendMsgFlag
    user_uart.o(.text) refers to user_uart.o(.bss) for u8SendMsg
    user_protocol.o(.text) refers to user_global.o(.text) for getStrLen
    user_protocol.o(.text) refers to user_msgheap.o(.text) for pushSendMsg
    user_protocol.o(.text) refers to user_uart.o(.text) for GetCmdMsgOk
    user_protocol.o(.text) refers to main.o(.text) for DelayMs
    user_protocol.o(.text) refers to rt_memcpy_w.o(.text) for __aeabi_memcpy4
    user_protocol.o(.text) refers to user_protocol.o(.data) for send_cmd_rst
    user_protocol.o(.text) refers to user_protocol.o(.constdata) for .constdata
    user_protocol.o(.text) refers to user_global.o(.data) for dev
    user_protocol.o(.text) refers to user_led.o(.text) for readPort
    user_protocol.o(.text) refers to user_flash.o(.text) for writeIdToFlash
    user_protocol.o(.text) refers to user_display.o(.data) for devPwd
    user_flash.o(.text) refers to stm32f10x_flash.o(.text) for FLASH_ProgramWord
    user_flash.o(.text) refers to user_flash.o(.data) for FLASHStatus
    user_global.o(.text) refers to user_global.o(.data) for logBuffIndex
    user_global.o(.text) refers to user_global.o(.bss) for writeLogBuff
    user_global.o(.text) refers to user_global.o(.constdata) for .constdata
    user_msgheap.o(.text) refers to user_msgheap.o(.data) for heap_sp
    user_msgheap.o(.text) refers to user_msgheap.o(.bss) for heap_msg
    user_display.o(.text) refers to stm32f10x_gpio.o(.text) for GPIO_ResetBits
    user_display.o(.text) refers to user_display.o(.data) for page_1
    user_init.o(.text) refers to stm32f10x_rcc.o(.text) for RCC_APB1PeriphClockCmd
    user_init.o(.text) refers to stm32f10x_tim.o(.text) for TIM_DeInit
    user_init.o(.text) refers to stm32f10x_exti.o(.text) for EXTI_ClearITPendingBit
    user_init.o(.text) refers to stm32f10x_gpio.o(.text) for GPIO_EXTILineConfig
    user_init.o(.text) refers to misc.o(.text) for NVIC_PriorityGroupConfig
    stm32f10x_adc.o(.text) refers to stm32f10x_rcc.o(.text) for RCC_APB2PeriphResetCmd
[...]
    libinit2.o(.ARM.Collect$$libinit$$00000014) refers to libinit2.o(.ARM.Collect$$libinit$$0000000D) for .ARM.Collect$$libinit$$0000000D
    libinit2.o(.ARM.Collect$$libinit$$00000016) refers to libinit2.o(.ARM.Collect$$libinit$$0000000D) for .ARM.Collect$$libinit$$0000000D
    libinit2.o(.ARM.Collect$$libinit$$00000024) refers to argv_veneer.o(.emb_text) for __ARM_argv_veneer
    libinit2.o(.ARM.Collect$$libinit$$00000025) refers to argv_veneer.o(.emb_text) for __ARM_argv_veneer
    rtexit2.o(.ARM.Collect$$rtexit$$00000003) refers to libshutdown.o(.ARM.Collect$$libshutdown$$00000000) for __rt_lib_shutdown
    rtexit2.o(.ARM.Collect$$rtexit$$00000004) refers to sys_exit.o(.text) for _sys_exit
    rtexit2.o(.ARM.exidx) refers to rtexit2.o(.ARM.Collect$$rtexit$$00000001) for .ARM.Collect$$rtexit$$00000001
    rtexit2.o(.ARM.exidx) refers to rtexit2.o(.ARM.Collect$$rtexit$$00000003) for .ARM.Collect$$rtexit$$00000003
    rtexit2.o(.ARM.exidx) refers to rtexit2.o(.ARM.Collect$$rtexit$$00000004) for .ARM.Collect$$rtexit$$00000004
    argv_veneer.o(.emb_text) refers to no_argv.o(.text) for __ARM_get_argv
    sys_exit.o(.text) refers (Special) to use_no_semi.o(.text) for __I$use$semihosting
    sys_exit.o(.text) refers (Special) to indicate_semi.o(.text) for __semihosting_library_function
    _get_argv_nomalloc.o(.text) refers (Special) to hrguard.o(.text) for __heap_region$guard
    _get_argv_nomalloc.o(.text) refers to defsig_rtmem_outer.o(.text) for __rt_SIGRTMEM
    _get_argv_nomalloc.o(.text) refers to sys_command.o(.text) for _sys_command_string
    libshutdown.o(.ARM.Collect$$libshutdown$$00000000) refers (Special) to libshutdown2.o(.ARM.Collect$$libshutdown$$00000006) for __rt_lib_shutdown_fp_trap_1
    libshutdown.o(.ARM.Collect$$libshutdown$$00000000) refers (Special) to libshutdown2.o(.ARM.Collect$$libshutdown$$0000000E) for __rt_lib_shutdown_heap_1
    libshutdown.o(.ARM.Collect$$libshutdown$$00000000) refers (Special) to libshutdown2.o(.ARM.Collect$$libshutdown$$0000000F) for __rt_lib_shutdown_return
    libshutdown.o(.ARM.Collect$$libshutdown$$00000000) refers (Special) to libshutdown2.o(.ARM.Collect$$libshutdown$$00000009) for __rt_lib_shutdown_signal_1
    libshutdown.o(.ARM.Collect$$libshutdown$$00000000) refers (Special) to libshutdown2.o(.ARM.Collect$$libshutdown$$00000003) for __rt_lib_shutdown_stdio_1
    libshutdown.o(.ARM.Collect$$libshutdown$$00000000) refers (Special) to libshutdown2.o(.ARM.Collect$$libshutdown$$0000000B) for __rt_lib_shutdown_user_alloc_1
    sys_command.o(.text) refers (Special) to use_no_semi.o(.text) for __I$use$semihosting
    sys_command.o(.text) refers (Special) to indicate_semi.o(.text) for __semihosting_library_function
    defsig_rtmem_outer.o(.text) refers to defsig_rtmem_inner.o(.text) for __rt_SIGRTMEM_inner
    defsig_rtmem_outer.o(.text) refers to defsig_exit.o(.text) for __sig_exit
    defsig_rtmem_formal.o(.text) refers to rt_raise.o(.text) for __rt_raise
    rt_raise.o(.text) refers to __raise.o(.text) for __raise
    rt_raise.o(.text) refers to sys_exit.o(.text) for _sys_exit
    defsig_exit.o(.text) refers to sys_exit.o(.text) for _sys_exit
    defsig_rtmem_inner.o(.text) refers to defsig_general.o(.text) for __default_signal_display
    __raise.o(.text) refers to defsig.o(CL$$defsig) for __default_signal_handler
    defsig_general.o(.text) refers to sys_wrch.o(.text) for _ttywrch
    sys_wrch.o(.text) refers (Special) to use_no_semi.o(.text) for __I$use$semihosting
    sys_wrch.o(.text) refers (Special) to indicate_semi.o(.text) for __semihosting_library_function
    defsig.o(CL$$defsig) refers to defsig_rtmem_inner.o(.text) for __rt_SIGRTMEM_inner
    defsig_abrt_inner.o(.text) refers to defsig_general.o(.text) for __default_signal_display
    defsig_fpe_inner.o(.text) refers to defsig_general.o(.text) for __default_signal_display
    defsig_rtred_inner.o(.text) refers to defsig_general.o(.text) for __default_signal_display
    defsig_stak_inner.o(.text) refers to defsig_general.o(.text) for __default_signal_display
    defsig_pvfn_inner.o(.text) refers to defsig_general.o(.text) for __default_signal_display
    defsig_cppl_inner.o(.text) refers to defsig_general.o(.text) for __default_signal_display
    defsig_segv_inner.o(.text) refers to defsig_general.o(.text) for __default_signal_display
    defsig_other.o(.text) refers to defsig_general.o(.text) for __default_signal_display


==============================================================================

Removing Unused input sections from the image.

    Removing main.o(.bss), (128 bytes).
    Removing main.o(.data), (8 bytes).
    Removing user_protocol.o(.bss), (128 bytes).
    Removing stm32f10x_adc.o(.text), (1072 bytes).
    Removing stm32f10x_bkp.o(.text), (172 bytes).
    Removing stm32f10x_can.o(.text), (1944 bytes).
    Removing stm32f10x_crc.o(.text), (72 bytes).
    Removing stm32f10x_dac.o(.text), (348 bytes).
    Removing stm32f10x_dbgmcu.o(.text), (48 bytes).
    Removing stm32f10x_dma.o(.text), (576 bytes).
    Removing stm32f10x_fsmc.o(.text), (1540 bytes).
    Removing stm32f10x_i2c.o(.text), (996 bytes).
    Removing stm32f10x_iwdg.o(.text), (64 bytes).
    Removing stm32f10x_pwr.o(.text), (192 bytes).
    Removing stm32f10x_rtc.o(.text), (328 bytes).
    Removing stm32f10x_sdio.o(.text), (456 bytes).
    Removing stm32f10x_spi.o(.text), (768 bytes).
    Removing stm32f10x_wwdg.o(.text), (124 bytes).
    Removing core_cm3.o(.emb_text), (32 bytes).

19 unused section(s) (total 8996 bytes) removed from the image.

==============================================================================

Image Symbol Table

    Local Symbols

    Symbol Name                              Value     Ov Type        Size  Object(Section)

    ../clib/angel/boardlib.s                 0x00000000   Number         0  boardinit2.o ABSOLUTE
    ../clib/angel/boardlib.s                 0x00000000   Number         0  boardinit1.o ABSOLUTE
    ../clib/angel/boardlib.s                 0x00000000   Number         0  boardinit3.o ABSOLUTE
    ../clib/angel/boardlib.s                 0x00000000   Number         0  boardshut.o ABSOLUTE
    ../clib/angel/dczerorl2.s                0x00000000   Number         0  __dczerorl2.o ABSOLUTE
    ../clib/angel/handlers.s                 0x00000000   Number         0  __scatter_zi.o ABSOLUTE
    ../clib/angel/kernel.s                   0x00000000   Number         0  rtentry4.o ABSOLUTE
    ../clib/angel/kernel.s                   0x00000000   Number         0  rtentry2.o ABSOLUTE
    ../clib/angel/kernel.s                   0x00000000   Number         0  rtentry.o ABSOLUTE
    ../clib/angel/kernel.s                   0x00000000   Number         0  rtexit.o ABSOLUTE
    ../clib/angel/kernel.s                   0x00000000   Number         0  rtexit2.o ABSOLUTE
    ../clib/angel/rt.s                       0x00000000   Number         0  rt_raise.o ABSOLUTE
    ../clib/angel/scatter.s                  0x00000000   Number         0  __scatter.o ABSOLUTE
    ../clib/angel/startup.s                  0x00000000   Number         0  __main.o ABSOLUTE
    ../clib/angel/sys.s                      0x00000000   Number         0  sys_stackheap_outer.o ABSOLUTE
    ../clib/angel/sys.s                      0x00000000   Number         0  use_no_semi.o ABSOLUTE
    ../clib/angel/sys.s                      0x00000000   Number         0  libspace.o ABSOLUTE
    ../clib/angel/sys.s                      0x00000000   Number         0  indicate_semi.o ABSOLUTE
    ../clib/angel/sysapp.c                   0x00000000   Number         0  sys_command.o ABSOLUTE
    ../clib/angel/sysapp.c                   0x00000000   Number         0  sys_wrch.o ABSOLUTE
    ../clib/angel/sysapp.c                   0x00000000   Number         0  sys_exit.o ABSOLUTE
    ../clib/armsys.c                         0x00000000   Number         0  argv_veneer.o ABSOLUTE
    ../clib/armsys.c                         0x00000000   Number         0  argv_veneer.o ABSOLUTE
    ../clib/armsys.c                         0x00000000   Number         0  _get_argv_nomalloc.o ABSOLUTE
    ../clib/armsys.c                         0x00000000   Number         0  no_argv.o ABSOLUTE
    ../clib/heapalloc.c                      0x00000000   Number         0  hrguard.o ABSOLUTE
    ../clib/heapaux.c                        0x00000000   Number         0  heapauxi.o ABSOLUTE
    ../clib/libinit.s                        0x00000000   Number         0  libinit2.o ABSOLUTE
    ../clib/libinit.s                        0x00000000   Number         0  libshutdown.o ABSOLUTE
    ../clib/libinit.s                        0x00000000   Number         0  libinit.o ABSOLUTE
    ../clib/libinit.s                        0x00000000   Number         0  libshutdown2.o ABSOLUTE
    ../clib/memcpset.s                       0x00000000   Number         0  rt_memcpy_w.o ABSOLUTE
    ../clib/memcpset.s                       0x00000000   Number         0  rt_memcpy_v6.o ABSOLUTE
    ../clib/signal.c                         0x00000000   Number         0  defsig_segv_inner.o ABSOLUTE
    ../clib/signal.c                         0x00000000   Number         0  defsig_cppl_inner.o ABSOLUTE
    ../clib/signal.c                         0x00000000   Number         0  defsig_pvfn_inner.o ABSOLUTE
    ../clib/signal.c                         0x00000000   Number         0  defsig_stak_inner.o ABSOLUTE
    ../clib/signal.c                         0x00000000   Number         0  defsig_rtred_inner.o ABSOLUTE
    ../clib/signal.c                         0x00000000   Number         0  defsig_fpe_inner.o ABSOLUTE
    ../clib/signal.c                         0x00000000   Number         0  defsig_general.o ABSOLUTE
    ../clib/signal.c                         0x00000000   Number         0  __raise.o ABSOLUTE
    ../clib/signal.c                         0x00000000   Number         0  defsig_rtmem_inner.o ABSOLUTE
    ../clib/signal.c                         0x00000000   Number         0  defsig_exit.o ABSOLUTE
    ../clib/signal.c                         0x00000000   Number         0  defsig_rtmem_formal.o ABSOLUTE
    ../clib/signal.c                         0x00000000   Number         0  defsig_rtmem_outer.o ABSOLUTE
    ../clib/signal.c                         0x00000000   Number         0  defsig_abrt_inner.o ABSOLUTE
    ../clib/signal.c                         0x00000000   Number         0  defsig_other.o ABSOLUTE
    ../clib/signal.s                         0x00000000   Number         0  defsig.o ABSOLUTE
    ../clib/stdlib.c                         0x00000000   Number         0  exit.o ABSOLUTE
    ../fplib/fpinit.s                        0x00000000   Number         0  fpinit.o ABSOLUTE
    ..\..\CMSIS\Core\CM3\core_cm3.c          0x00000000   Number         0  core_cm3.o ABSOLUTE
    ..\..\CMSIS\Core\CM3\startup\arm\startup_stm32f10x_hd.s 0x00000000   Number         0  startup_stm32f10x_hd.o ABSOLUTE
    ..\..\CMSIS\Core\CM3\system_stm32f10x.c  0x00000000   Number         0  system_stm32f10x.o ABSOLUTE
    ..\..\STM32F10x_StdPeriph_Driver\src\misc.c 0x00000000   Number         0  misc.o ABSOLUTE
    ..\..\STM32F10x_StdPeriph_Driver\src\stm32f10x_adc.c 0x00000000   Number         0  stm32f10x_adc.o ABSOLUTE
    ..\..\STM32F10x_StdPeriph_Driver\src\stm32f10x_bkp.c 0x00000000   Number         0  stm32f10x_bkp.o ABSOLUTE
    ..\..\STM32F10x_StdPeriph_Driver\src\stm32f10x_can.c 0x00000000   Number         0  stm32f10x_can.o ABSOLUTE
    ..\..\STM32F10x_StdPeriph_Driver\src\stm32f10x_crc.c 0x00000000   Number         0  stm32f10x_crc.o ABSOLUTE
    ..\..\STM32F10x_StdPeriph_Driver\src\stm32f10x_dac.c 0x00000000   Number         0  stm32f10x_dac.o ABSOLUTE
    ..\..\STM32F10x_StdPeriph_Driver\src\stm32f10x_dbgmcu.c 0x00000000   Number         0  stm32f10x_dbgmcu.o ABSOLUTE
    ..\..\STM32F10x_StdPeriph_Driver\src\stm32f10x_dma.c 0x00000000   Number         0  stm32f10x_dma.o ABSOLUTE
    ..\..\STM32F10x_StdPeriph_Driver\src\stm32f10x_exti.c 0x00000000   Number         0  stm32f10x_exti.o ABSOLUTE
    ..\..\STM32F10x_StdPeriph_Driver\src\stm32f10x_flash.c 0x00000000   Number         0  stm32f10x_flash.o ABSOLUTE
    ..\..\STM32F10x_StdPeriph_Driver\src\stm32f10x_fsmc.c 0x00000000   Number         0  stm32f10x_fsmc.o ABSOLUTE
    ..\..\STM32F10x_StdPeriph_Driver\src\stm32f10x_gpio.c 0x00000000   Number         0  stm32f10x_gpio.o ABSOLUTE
    ..\..\STM32F10x_StdPeriph_Driver\src\stm32f10x_i2c.c 0x00000000   Number         0  stm32f10x_i2c.o ABSOLUTE
    ..\..\STM32F10x_StdPeriph_Driver\src\stm32f10x_iwdg.c 0x00000000   Number         0  stm32f10x_iwdg.o ABSOLUTE
    ..\..\STM32F10x_StdPeriph_Driver\src\stm32f10x_pwr.c 0x00000000   Number         0  stm32f10x_pwr.o ABSOLUTE
    ..\..\STM32F10x_StdPeriph_Driver\src\stm32f10x_rcc.c 0x00000000   Number         0  stm32f10x_rcc.o ABSOLUTE
    ..\..\STM32F10x_StdPeriph_Driver\src\stm32f10x_rtc.c 0x00000000   Number         0  stm32f10x_rtc.o ABSOLUTE
    ..\..\STM32F10x_StdPeriph_Driver\src\stm32f10x_sdio.c 0x00000000   Number         0  stm32f10x_sdio.o ABSOLUTE
    ..\..\STM32F10x_StdPeriph_Driver\src\stm32f10x_spi.c 0x00000000   Number         0  stm32f10x_spi.o ABSOLUTE
    ..\..\STM32F10x_StdPeriph_Driver\src\stm32f10x_tim.c 0x00000000   Number         0  stm32f10x_tim.o ABSOLUTE
    ..\..\STM32F10x_StdPeriph_Driver\src\stm32f10x_usart.c 0x00000000   Number         0  stm32f10x_usart.o ABSOLUTE
    ..\..\STM32F10x_StdPeriph_Driver\src\stm32f10x_wwdg.c 0x00000000   Number         0  stm32f10x_wwdg.o ABSOLUTE
    ..\..\User\main.c                        0x00000000   Number         0  main.o ABSOLUTE
    ..\..\User\stm32f10x_it.c                0x00000000   Number         0  stm32f10x_it.o ABSOLUTE
    ..\..\User\user_display.c                0x00000000   Number         0  user_display.o ABSOLUTE
    ..\..\User\user_flash.c                  0x00000000   Number         0  user_flash.o ABSOLUTE
    ..\..\User\user_global.c                 0x00000000   Number         0  user_global.o ABSOLUTE
    ..\..\User\user_init.c                   0x00000000   Number         0  user_init.o ABSOLUTE
    ..\..\User\user_led.c                    0x00000000   Number         0  user_led.o ABSOLUTE
    ..\..\User\user_msgheap.c                0x00000000   Number         0  user_msgheap.o ABSOLUTE
    ..\..\User\user_protocol.c               0x00000000   Number         0  user_protocol.o ABSOLUTE
    ..\..\User\user_uart.c                   0x00000000   Number         0  user_uart.o ABSOLUTE
    ..\\..\\CMSIS\\Core\\CM3\\core_cm3.c     0x00000000   Number         0  core_cm3.o ABSOLUTE
    dc.s                                     0x00000000   Number         0  dc.o ABSOLUTE
    RESET                                    0x08000000   Section      304  startup_stm32f10x_hd.o(RESET)
    !!!main                                  0x08000130   Section        8  __main.o(!!!main)
    !!!scatter                               0x08000138   Section       52  __scatter.o(!!!scatter)
    !!dczerorl2                              0x0800016c   Section       90  __dczerorl2.o(!!dczerorl2)
    !!handler_zi                             0x080001c8   Section       28  __scatter_zi.o(!!handler_zi)
    .ARM.Collect$$libinit$$00000000          0x080001e4   Section        2  libinit.o(.ARM.Collect$$libinit$$00000000)
    .ARM.Collect$$libinit$$00000002          0x080001e6   Section        0  libinit2.o(.ARM.Collect$$libinit$$00000002)
    .ARM.Collect$$libinit$$00000008          0x080001e6   Section        0  libinit2.o(.ARM.Collect$$libinit$$00000008)
    .ARM.Collect$$libinit$$0000000A          0x080001e6   Section        0  libinit2.o(.ARM.Collect$$libinit$$0000000A)
    .ARM.Collect$$libinit$$0000000C          0x080001e6   Section        0  libinit2.o(.ARM.Collect$$libinit$$0000000C)
    .ARM.Collect$$libinit$$0000000F          0x080001e6   Section        0  libinit2.o(.ARM.Collect$$libinit$$0000000F)
    .ARM.Collect$$libinit$$00000011          0x080001e6   Section        0  libinit2.o(.ARM.Collect$$libinit$$00000011)
    .ARM.Collect$$libinit$$00000013          0x080001e6   Section        0  libinit2.o(.ARM.Collect$$libinit$$00000013)
    .ARM.Collect$$libinit$$00000015          0x080001e6   Section        0  libinit2.o(.ARM.Collect$$libinit$$00000015)
    .ARM.Collect$$libinit$$00000017          0x080001e6   Section        0  libinit2.o(.ARM.Collect$$libinit$$00000017)
    .ARM.Collect$$libinit$$00000019          0x080001e6   Section        0  libinit2.o(.ARM.Collect$$libinit$$00000019)
    .ARM.Collect$$libinit$$0000001B          0x080001e6   Section        0  libinit2.o(.ARM.Collect$$libinit$$0000001B)
    .ARM.Collect$$libinit$$0000001D          0x080001e6   Section        0  libinit2.o(.ARM.Collect$$libinit$$0000001D)
    .ARM.Collect$$libinit$$0000001F          0x080001e6   Section        0  libinit2.o(.ARM.Collect$$libinit$$0000001F)
    .ARM.Collect$$libinit$$00000021          0x080001e6   Section        0  libinit2.o(.ARM.Collect$$libinit$$00000021)
    .ARM.Collect$$libinit$$00000023          0x080001e6   Section        0  libinit2.o(.ARM.Collect$$libinit$$00000023)
    .ARM.Collect$$libinit$$0000002A          0x080001e6   Section        0  libinit2.o(.ARM.Collect$$libinit$$0000002A)
    .ARM.Collect$$libinit$$0000002C          0x080001e6   Section        0  libinit2.o(.ARM.Collect$$libinit$$0000002C)
    .ARM.Collect$$libinit$$0000002E          0x080001e6   Section        0  libinit2.o(.ARM.Collect$$libinit$$0000002E)
    .ARM.Collect$$libinit$$00000030          0x080001e6   Section        0  libinit2.o(.ARM.Collect$$libinit$$00000030)
    .ARM.Collect$$libinit$$00000031          0x080001e6   Section        2  libinit2.o(.ARM.Collect$$libinit$$00000031)
    .ARM.Collect$$libshutdown$$00000000      0x080001e8   Section        2  libshutdown.o(.ARM.Collect$$libshutdown$$00000000)
    .ARM.Collect$$libshutdown$$00000003      0x080001ea   Section        0  libshutdown2.o(.ARM.Collect$$libshutdown$$00000003)
    .ARM.Collect$$libshutdown$$00000006      0x080001ea   Section        0  libshutdown2.o(.ARM.Collect$$libshutdown$$00000006)
    .ARM.Collect$$libshutdown$$00000009      0x080001ea   Section        0  libshutdown2.o(.ARM.Collect$$libshutdown$$00000009)
    .ARM.Collect$$libshutdown$$0000000B      0x080001ea   Section        0  libshutdown2.o(.ARM.Collect$$libshutdown$$0000000B)
    .ARM.Collect$$libshutdown$$0000000E      0x080001ea   Section        0  libshutdown2.o(.ARM.Collect$$libshutdown$$0000000E)
    .ARM.Collect$$libshutdown$$0000000F      0x080001ea   Section        2  libshutdown2.o(.ARM.Collect$$libshutdown$$0000000F)
    .ARM.Collect$$rtentry$$00000000          0x080001ec   Section        0  rtentry.o(.ARM.Collect$$rtentry$$00000000)
    .ARM.Collect$$rtentry$$00000002          0x080001ec   Section        0  rtentry2.o(.ARM.Collect$$rtentry$$00000002)
    .ARM.Collect$$rtentry$$00000004          0x080001ec   Section        6  rtentry4.o(.ARM.Collect$$rtentry$$00000004)
    .ARM.Collect$$rtentry$$00000009          0x080001f2   Section        0  rtentry2.o(.ARM.Collect$$rtentry$$00000009)
    .ARM.Collect$$rtentry$$0000000A          0x080001f2   Section        4  rtentry2.o(.ARM.Collect$$rtentry$$0000000A)
    .ARM.Collect$$rtentry$$0000000C          0x080001f6   Section        0  rtentry2.o(.ARM.Collect$$rtentry$$0000000C)
    .ARM.Collect$$rtentry$$0000000D          0x080001f6   Section        8  rtentry2.o(.ARM.Collect$$rtentry$$0000000D)
    .ARM.Collect$$rtexit$$00000000           0x080001fe   Section        2  rtexit.o(.ARM.Collect$$rtexit$$00000000)
    .ARM.Collect$$rtexit$$00000002           0x08000200   Section        0  rtexit2.o(.ARM.Collect$$rtexit$$00000002)
    .ARM.Collect$$rtexit$$00000003           0x08000200   Section        4  rtexit2.o(.ARM.Collect$$rtexit$$00000003)
    .ARM.Collect$$rtexit$$00000004           0x08000204   Section        6  rtexit2.o(.ARM.Collect$$rtexit$$00000004)
    .text                                    0x0800020c   Section        0  main.o(.text)
    SysTick_Config                           0x0800020d   Thumb Code    76  main.o(.text)
    CheckHeartState                          0x08000271   Thumb Code    38  main.o(.text)
    WaitRegisterResult                       0x08000297   Thumb Code    56  main.o(.text)
    RegisterId                               0x080002cf   Thumb Code    30  main.o(.text)
    .text                                    0x0800041c   Section        0  stm32f10x_it.o(.text)
    ProcTime                                 0x080004c5   Thumb Code   208  stm32f10x_it.o(.text)
    ShowAlarm                                0x08000595   Thumb Code   128  stm32f10x_it.o(.text)
    ShowLeft                                 0x08000615   Thumb Code  1748  stm32f10x_it.o(.text)
    ShowRight                                0x08000ce9   Thumb Code  1676  stm32f10x_it.o(.text)
    SetDevTimerState                         0x08001375   Thumb Code   196  stm32f10x_it.o(.text)
    CancelDevTimerState                      0x08001439   Thumb Code    38  stm32f10x_it.o(.text)
    ShowOK                                   0x0800145f   Thumb Code  1396  stm32f10x_it.o(.text)
    ShowInfo                                 0x080019d3   Thumb Code   268  stm32f10x_it.o(.text)
    .text                                    0x08001e74   Section        0  user_led.o(.text)
    .text                                    0x08002158   Section        0  user_uart.o(.text)
    .text                                    0x080024f8   Section        0  user_protocol.o(.text)
    ProcSRMsg                                0x080027f9   Thumb Code   208  user_protocol.o(.text)
    SendRMsg                                 0x080028c9   Thumb Code   986  user_protocol.o(.text)
    ProcSSMsg                                0x08002ca3   Thumb Code   706  user_protocol.o(.text)
    .text                                    0x08002fe4   Section        0  user_flash.o(.text)
    WriteFlashOneWord                        0x08002ffb   Thumb Code    20  user_flash.o(.text)
    .text                                    0x08003064   Section        0  user_global.o(.text)
    .text                                    0x08003244   Section        0  user_msgheap.o(.text)
    .text                                    0x080033b8   Section        0  user_display.o(.text)
    reSetBackLight                           0x080033b9   Thumb Code    12  user_display.o(.text)
    setCS                                    0x080033c5   Thumb Code    14  user_display.o(.text)
    reSetCS                                  0x080033d3   Thumb Code    14  user_display.o(.text)
    setCLK                                   0x080033e1   Thumb Code    14  user_display.o(.text)
    reSetCLK                                 0x080033ef   Thumb Code    14  user_display.o(.text)
    setDA                                    0x080033fd   Thumb Code    14  user_display.o(.text)
    reSetDA                                  0x0800340b   Thumb Code    14  user_display.o(.text)
    readDA                                   0x08003419   Thumb Code    14  user_display.o(.text)
    DelayUS                                  0x08003427   Thumb Code    12  user_display.o(.text)
    DelayMS                                  0x08003433   Thumb Code    26  user_display.o(.text)
    Read_LCD_Data                            0x0800344d   Thumb Code    98  user_display.o(.text)
    Write_LCD_Comd                           0x080034af   Thumb Code    64  user_display.o(.text)
    Read_LCD_Busy                            0x080034ef   Thumb Code    32  user_display.o(.text)
    Write_LCD_Data_L                         0x0800350f   Thumb Code    64  user_display.o(.text)
    Write_LCD_Data_H                         0x0800354f   Thumb Code    68  user_display.o(.text)
    Write_LCD_Data                           0x08003593   Thumb Code    18  user_display.o(.text)
    Write_LCD_addr                           0x08003601   Thumb Code    22  user_display.o(.text)
    .text                                    0x0800371c   Section        0  user_init.o(.text)
    .text                                    0x08003930   Section        0  misc.o(.text)
    .text                                    0x08003a0c   Section        0  stm32f10x_exti.o(.text)
    .text                                    0x08003b4c   Section        0  stm32f10x_flash.o(.text)
    delay                                    0x08003bd5   Thumb Code    26  stm32f10x_flash.o(.text)
    .text                                    0x08004078   Section        0  stm32f10x_gpio.o(.text)
    .text                                    0x080043a8   Section        0  stm32f10x_rcc.o(.text)
    .text                                    0x0800474c   Section        0  stm32f10x_tim.o(.text)
    TI4_Config                               0x08004a6b   Thumb Code    82  stm32f10x_tim.o(.text)
    TI3_Config                               0x08004acf   Thumb Code    72  stm32f10x_tim.o(.text)
    TI2_Config                               0x08004b41   Thumb Code    80  stm32f10x_tim.o(.text)
    TI1_Config                               0x08004ba3   Thumb Code    56  stm32f10x_tim.o(.text)
    .text                                    0x08005314   Section        0  stm32f10x_usart.o(.text)
    .text                                    0x08005684   Section        0  system_stm32f10x.o(.text)
    SetSysClockTo72                          0x08005685   Thumb Code   220  system_stm32f10x.o(.text)
    SetSysClock                              0x08005761   Thumb Code     8  system_stm32f10x.o(.text)
    .text                                    0x080057bc   Section       72  startup_stm32f10x_hd.o(.text)
    .text                                    0x08005804   Section      138  rt_memcpy_v6.o(.text)
    .text                                    0x0800588e   Section      100  rt_memcpy_w.o(.text)
    .text                                    0x080058f2   Section        0  heapauxi.o(.text)
    .text                                    0x080058f8   Section       74  sys_stackheap_outer.o(.text)
    .text                                    0x08005942   Section        0  exit.o(.text)
    .text                                    0x08005950   Section        8  libspace.o(.text)
    .text                                    0x08005958   Section        0  sys_exit.o(.text)
    .text                                    0x08005964   Section        2  use_no_semi.o(.text)
    .text                                    0x08005966   Section        0  indicate_semi.o(.text)
    .constdata                               0x08005968   Section       20  user_protocol.o(.constdata)
    .constdata                               0x0800597c   Section        8  user_global.o(.constdata)
    .constdata                               0x08005984   Section       20  system_stm32f10x.o(.constdata)
    .data                                    0x20000000   Section       40  stm32f10x_it.o(.data)
    heap_sp                                  0x20000000   Data           4  stm32f10x_it.o(.data)
    heap_sp_send                             0x20000004   Data           4  stm32f10x_it.o(.data)
    gCheckHeartTime                          0x2000000a   Data           2  stm32f10x_it.o(.data)
    gCurrentMsTime                           0x2000000c   Data           4  stm32f10x_it.o(.data)
    gOverRange                               0x20000010   Data           1  stm32f10x_it.o(.data)
    gLeakCurrent                             0x20000011   Data           1  stm32f10x_it.o(.data)
    gOverCurrent                             0x20000012   Data           1  stm32f10x_it.o(.data)
    gShowInfo                                0x20000014   Data          12  stm32f10x_it.o(.data)
    gDir                                     0x20000020   Data           1  stm32f10x_it.o(.data)
    half_second                              0x20000024   Data           4  stm32f10x_it.o(.data)
    .data                                    0x20000028   Section        1  user_led.o(.data)
    len_on                                   0x20000028   Data           1  user_led.o(.data)
    .data                                    0x2000002c   Section       17  user_uart.o(.data)
    heap_sp                                  0x2000002c   Data           4  user_uart.o(.data)
    heap_sp_send                             0x20000030   Data           4  user_uart.o(.data)
    flagSendMsgType                          0x20000034   Data           1  user_uart.o(.data)
    cmdMsgOk                                 0x20000035   Data           1  user_uart.o(.data)
    sendLenTime                              0x20000038   Data           4  user_uart.o(.data)
    sendMsgFlag                              0x2000003c   Data           1  user_uart.o(.data)
    .data                                    0x20000040   Section      329  user_protocol.o(.data)
    heap_sp                                  0x20000040   Data           4  user_protocol.o(.data)
    heap_sp_send                             0x20000044   Data           4  user_protocol.o(.data)
    send_cmd_rst                             0x20000048   Data          64  user_protocol.o(.data)
    send_cmd_set_ap                          0x20000088   Data          64  user_protocol.o(.data)
    send_connect_router                      0x200000c8   Data          64  user_protocol.o(.data)
    send_mul_connect                         0x20000108   Data          64  user_protocol.o(.data)
    send_connect_IP_Server                   0x20000148   Data          64  user_protocol.o(.data)
    isHelp                                   0x20000188   Data           1  user_protocol.o(.data)
    .data                                    0x20000189   Section        1  user_flash.o(.data)
    .data                                    0x2000018c   Section       46  user_global.o(.data)
    .data                                    0x200001bc   Section        8  user_msgheap.o(.data)
    heap_sp                                  0x200001bc   Data           4  user_msgheap.o(.data)
    heap_sp_send                             0x200001c0   Data           4  user_msgheap.o(.data)
    .data                                    0x200001c4   Section      634  user_display.o(.data)
    .data                                    0x2000043e   Section       20  stm32f10x_rcc.o(.data)
    APBAHBPrescTable                         0x2000043e   Data          16  stm32f10x_rcc.o(.data)
    ADCPrescTable                            0x2000044e   Data           4  stm32f10x_rcc.o(.data)
    .bss                                     0x20000454   Section      145  stm32f10x_it.o(.bss)
    heap_msg                                 0x20000454   Data          64  stm32f10x_it.o(.bss)
    heap_send_msg                            0x20000494   Data          64  stm32f10x_it.o(.bss)
    gblinkInfo                               0x200004d4   Data          17  stm32f10x_it.o(.bss)
    .bss                                     0x200004e5   Section      192  user_uart.o(.bss)
    heap_msg                                 0x200004e5   Data          64  user_uart.o(.bss)
    heap_send_msg                            0x20000525   Data          64  user_uart.o(.bss)
    u8SendMsg                                0x20000565   Data          64  user_uart.o(.bss)
    .bss                                     0x200005a8   Section     5148  user_global.o(.bss)
    .bss                                     0x200019c4   Section     4096  user_msgheap.o(.bss)
    heap_msg                                 0x200019c4   Data        2048  user_msgheap.o(.bss)
    heap_send_msg                            0x200021c4   Data        2048  user_msgheap.o(.bss)
    .bss                                     0x200029c4   Section       96  libspace.o(.bss)
    HEAP                                     0x20002a28   Section        0  startup_stm32f10x_hd.o(HEAP)
    STACK                                    0x20002a28   Section      512  startup_stm32f10x_hd.o(STACK)
    Heap_Mem                                 0x20002a28   Data           0  startup_stm32f10x_hd.o(HEAP)
    Stack_Mem                                0x20002a28   Data         512  startup_stm32f10x_hd.o(STACK)
    __initial_sp                             0x20002c28   Data           0  startup_stm32f10x_hd.o(STACK)

    Global Symbols

    Symbol Name                              Value     Ov Type        Size  Object(Section)

    BuildAttributes$$THM_ISAv4$P$D$K$B$S$PE$A:L22UL41UL21$X:L11$S22US41US21$IEEE1$IW$USESV6$~STKCKD$USESV7$~SHL$OSPACE$ROPI$EBA8$UX$STANDARDLIB$REQ8$PRES8$EABIv2 0x00000000   Number         0  anon$$obj.o ABSOLUTE
    __ARM_use_no_argv                        0x00000000   Number         0  main.o ABSOLUTE
    __ARM_exceptions_init                     - Undefined Weak Reference
    __alloca_initialize                       - Undefined Weak Reference
    __cpp_initialize__aeabi_                  - Undefined Weak Reference
    __cxa_finalize                            - Undefined Weak Reference
    __rt_locale                               - Undefined Weak Reference
    __sigvec_lookup                           - Undefined Weak Reference
    _atexit_init                              - Undefined Weak Reference
    _call_atexit_fns                          - Undefined Weak Reference
    _clock_init                               - Undefined Weak Reference
    _fp_trap_init                             - Undefined Weak Reference
    _fp_trap_shutdown                         - Undefined Weak Reference
    _get_lc_collate                           - Undefined Weak Reference
    _get_lc_ctype                             - Undefined Weak Reference
    _get_lc_monetary                          - Undefined Weak Reference
    _get_lc_numeric                           - Undefined Weak Reference
    _get_lc_time                              - Undefined Weak Reference
    _getenv_init                              - Undefined Weak Reference
    _handle_redirection                       - Undefined Weak Reference
    _init_alloc                               - Undefined Weak Reference
    _init_user_alloc                          - Undefined Weak Reference
    _initio                                   - Undefined Weak Reference
    _rand_init                                - Undefined Weak Reference
    _signal_finish                            - Undefined Weak Reference
    _signal_init                              - Undefined Weak Reference
    _terminate_alloc                          - Undefined Weak Reference
    _terminate_user_alloc                     - Undefined Weak Reference
    _terminateio                              - Undefined Weak Reference
    __Vectors_Size                           0x00000130   Number         0  startup_stm32f10x_hd.o ABSOLUTE
    __Vectors                                0x08000000   Data           4  startup_stm32f10x_hd.o(RESET)
    __Vectors_End                            0x08000130   Data           0  startup_stm32f10x_hd.o(RESET)
    __main                                   0x08000131   Thumb Code     8  __main.o(!!!main)
    __scatterload                            0x08000139   Thumb Code     0  __scatter.o(!!!scatter)
    __scatterload_rt2                        0x08000139   Thumb Code    44  __scatter.o(!!!scatter)
    __scatterload_rt2_thumb_only             0x08000139   Thumb Code     0  __scatter.o(!!!scatter)
    __scatterload_null                       0x08000147   Thumb Code     0  __scatter.o(!!!scatter)
    __decompress                             0x0800016d   Thumb Code    90  __dczerorl2.o(!!dczerorl2)
    __decompress1                            0x0800016d   Thumb Code     0  __dczerorl2.o(!!dczerorl2)
    __scatterload_zeroinit                   0x080001c9   Thumb Code    28  __scatter_zi.o(!!handler_zi)
    __rt_lib_init                            0x080001e5   Thumb Code     0  libinit.o(.ARM.Collect$$libinit$$00000000)
    __rt_lib_init_alloca_1                   0x080001e7   Thumb Code     0  libinit2.o(.ARM.Collect$$libinit$$0000002C)
    __rt_lib_init_argv_1                     0x080001e7   Thumb Code     0  libinit2.o(.ARM.Collect$$libinit$$0000002A)
    __rt_lib_init_atexit_1                   0x080001e7   Thumb Code     0  libinit2.o(.ARM.Collect$$libinit$$00000019)
    __rt_lib_init_clock_1                    0x080001e7   Thumb Code     0  libinit2.o(.ARM.Collect$$libinit$$0000001F)
    __rt_lib_init_cpp_1                      0x080001e7   Thumb Code     0  libinit2.o(.ARM.Collect$$libinit$$00000030)
    __rt_lib_init_exceptions_1               0x080001e7   Thumb Code     0  libinit2.o(.ARM.Collect$$libinit$$0000002E)
    __rt_lib_init_fp_1                       0x080001e7   Thumb Code     0  libinit2.o(.ARM.Collect$$libinit$$00000002)
    __rt_lib_init_fp_trap_1                  0x080001e7   Thumb Code     0  libinit2.o(.ARM.Collect$$libinit$$0000001D)
    __rt_lib_init_getenv_1                   0x080001e7   Thumb Code     0  libinit2.o(.ARM.Collect$$libinit$$00000021)
    __rt_lib_init_heap_1                     0x080001e7   Thumb Code     0  libinit2.o(.ARM.Collect$$libinit$$00000008)
    __rt_lib_init_lc_collate_1               0x080001e7   Thumb Code     0  libinit2.o(.ARM.Collect$$libinit$$0000000F)
    __rt_lib_init_lc_ctype_1                 0x080001e7   Thumb Code     0  libinit2.o(.ARM.Collect$$libinit$$00000011)
    __rt_lib_init_lc_monetary_1              0x080001e7   Thumb Code     0  libinit2.o(.ARM.Collect$$libinit$$00000013)
    __rt_lib_init_lc_numeric_1               0x080001e7   Thumb Code     0  libinit2.o(.ARM.Collect$$libinit$$00000015)
    __rt_lib_init_lc_time_1                  0x080001e7   Thumb Code     0  libinit2.o(.ARM.Collect$$libinit$$00000017)
    __rt_lib_init_rand_1                     0x080001e7   Thumb Code     0  libinit2.o(.ARM.Collect$$libinit$$0000000C)
    __rt_lib_init_return                     0x080001e7   Thumb Code     0  libinit2.o(.ARM.Collect$$libinit$$00000031)
    __rt_lib_init_signal_1                   0x080001e7   Thumb Code     0  libinit2.o(.ARM.Collect$$libinit$$0000001B)
    __rt_lib_init_stdio_1                    0x080001e7   Thumb Code     0  libinit2.o(.ARM.Collect$$libinit$$00000023)
    __rt_lib_init_user_alloc_1               0x080001e7   Thumb Code     0  libinit2.o(.ARM.Collect$$libinit$$0000000A)
    __rt_lib_shutdown                        0x080001e9   Thumb Code     0  libshutdown.o(.ARM.Collect$$libshutdown$$00000000)
    __rt_lib_shutdown_fp_trap_1              0x080001eb   Thumb Code     0  libshutdown2.o(.ARM.Collect$$libshutdown$$00000006)
    __rt_lib_shutdown_heap_1                 0x080001eb   Thumb Code     0  libshutdown2.o(.ARM.Collect$$libshutdown$$0000000E)
    __rt_lib_shutdown_return                 0x080001eb   Thumb Code     0  libshutdown2.o(.ARM.Collect$$libshutdown$$0000000F)
    __rt_lib_shutdown_signal_1               0x080001eb   Thumb Code     0  libshutdown2.o(.ARM.Collect$$libshutdown$$00000009)
    __rt_lib_shutdown_stdio_1                0x080001eb   Thumb Code     0  libshutdown2.o(.ARM.Collect$$libshutdown$$00000003)
    __rt_lib_shutdown_user_alloc_1           0x080001eb   Thumb Code     0  libshutdown2.o(.ARM.Collect$$libshutdown$$0000000B)
    __rt_entry                               0x080001ed   Thumb Code     0  rtentry.o(.ARM.Collect$$rtentry$$00000000)
    __rt_entry_presh_1                       0x080001ed   Thumb Code     0  rtentry2.o(.ARM.Collect$$rtentry$$00000002)
    __rt_entry_sh                            0x080001ed   Thumb Code     0  rtentry4.o(.ARM.Collect$$rtentry$$00000004)
    __rt_entry_li                            0x080001f3   Thumb Code     0  rtentry2.o(.ARM.Collect$$rtentry$$0000000A)
    __rt_entry_postsh_1                      0x080001f3   Thumb Code     0  rtentry2.o(.ARM.Collect$$rtentry$$00000009)
    __rt_entry_main                          0x080001f7   Thumb Code     0  rtentry2.o(.ARM.Collect$$rtentry$$0000000D)
    __rt_entry_postli_1                      0x080001f7   Thumb Code     0  rtentry2.o(.ARM.Collect$$rtentry$$0000000C)
    __rt_exit                                0x080001ff   Thumb Code     0  rtexit.o(.ARM.Collect$$rtexit$$00000000)
    __rt_exit_ls                             0x08000201   Thumb Code     0  rtexit2.o(.ARM.Collect$$rtexit$$00000003)
    __rt_exit_prels_1                        0x08000201   Thumb Code     0  rtexit2.o(.ARM.Collect$$rtexit$$00000002)
    __rt_exit_exit                           0x08000205   Thumb Code     0  rtexit2.o(.ARM.Collect$$rtexit$$00000004)
    DelayMs                                  0x08000259   Thumb Code    24  main.o(.text)
    main                                     0x080002ed   Thumb Code   252  main.o(.text)
    delay                                    0x080003e9   Thumb Code    14  main.o(.text)
    NMI_Handler                              0x0800041d   Thumb Code     2  stm32f10x_it.o(.text)
    HardFault_Handler                        0x0800041f   Thumb Code     4  stm32f10x_it.o(.text)
    MemManage_Handler                        0x08000423   Thumb Code     4  stm32f10x_it.o(.text)
    BusFault_Handler                         0x08000427   Thumb Code     4  stm32f10x_it.o(.text)
    UsageFault_Handler                       0x0800042b   Thumb Code     4  stm32f10x_it.o(.text)
    SVC_Handler                              0x0800042f   Thumb Code     2  stm32f10x_it.o(.text)
    DebugMon_Handler                         0x08000431   Thumb Code     2  stm32f10x_it.o(.text)
    PendSV_Handler                           0x08000433   Thumb Code     2  stm32f10x_it.o(.text)
    SysTick_Handler                          0x08000435   Thumb Code    76  stm32f10x_it.o(.text)
    USART1_IRQHandler                        0x08000481   Thumb Code     8  stm32f10x_it.o(.text)
    USART3_IRQHandler                        0x08000489   Thumb Code    58  stm32f10x_it.o(.text)
    PVD_IRQHandler                           0x080004c3   Thumb Code     2  stm32f10x_it.o(.text)
    TIM2_IRQHandler                          0x08001adf   Thumb Code   648  stm32f10x_it.o(.text)
    EXTI9_5_IRQHandler                       0x08001d67   Thumb Code   138  stm32f10x_it.o(.text)
    EXTI15_10_IRQHandler                     0x08001df1   Thumb Code   104  stm32f10x_it.o(.text)
    GPIO_Configuration                       0x08001e75   Thumb Code   226  user_led.o(.text)
    LED_ON                                   0x08001f57   Thumb Code    18  user_led.o(.text)
    LED_OFF                                  0x08001f69   Thumb Code    18  user_led.o(.text)
    output_ON                                0x08001f7b   Thumb Code   134  user_led.o(.text)
    output_OFF                               0x08002001   Thumb Code   134  user_led.o(.text)
    readPort                                 0x08002087   Thumb Code   168  user_led.o(.text)
    IS_LED_ON                                0x0800212f   Thumb Code     6  user_led.o(.text)
    ReadGPIOMode                             0x08002135   Thumb Code    12  user_led.o(.text)
    UART1_Configuration                      0x08002159   Thumb Code    62  user_uart.o(.text)
    UART1_GPIO_Configuration                 0x08002197   Thumb Code    54  user_uart.o(.text)
    Uart1_PutChar                            0x080021cd   Thumb Code    30  user_uart.o(.text)
    Uart1_PutString                          0x080021eb   Thumb Code    40  user_uart.o(.text)
    Uart1_getString                          0x08002213   Thumb Code    68  user_uart.o(.text)
    SendUartMsg                              0x08002257   Thumb Code    12  user_uart.o(.text)
    SendUartLen                              0x08002263   Thumb Code    14  user_uart.o(.text)
    DealMsSendMsg                            0x08002271   Thumb Code   126  user_uart.o(.text)
    DealMsRecvMsg                            0x080022ef   Thumb Code   196  user_uart.o(.text)
    GetCmdMsgOk                              0x080023b3   Thumb Code     6  user_uart.o(.text)
    ClearCmdMsgOk                            0x080023b9   Thumb Code     8  user_uart.o(.text)
    UART3_Configuration                      0x080023c1   Thumb Code    62  user_uart.o(.text)
    UART3_GPIO_Configuration                 0x080023ff   Thumb Code    54  user_uart.o(.text)
    Uart3_PutChar                            0x08002435   Thumb Code    30  user_uart.o(.text)
    Uart3_PutString                          0x08002453   Thumb Code    40  user_uart.o(.text)
    Uart3_ReadString                         0x0800247b   Thumb Code    72  user_uart.o(.text)
    MsgSendCmd                               0x080024f9   Thumb Code   104  user_protocol.o(.text)
    MsgSendLEN                               0x08002561   Thumb Code   172  user_protocol.o(.text)
    MsgSendData                              0x0800260d   Thumb Code    22  user_protocol.o(.text)
    isGetHelp                                0x08002623   Thumb Code     6  user_protocol.o(.text)
    resetGetHelp                             0x08002629   Thumb Code     8  user_protocol.o(.text)
    sendSMsg                                 0x08002631   Thumb Code   456  user_protocol.o(.text)
    DealMsg                                  0x08002f65   Thumb Code    62  user_protocol.o(.text)
    GetMsgType                               0x08002fa3   Thumb Code    52  user_protocol.o(.text)
    ReadFlashNBtye                           0x08002fe5   Thumb Code    22  user_flash.o(.text)
    WriteFlashWords                          0x0800300f   Thumb Code    40  user_flash.o(.text)
    Flash_init                               0x08003037   Thumb Code    14  user_flash.o(.text)
    writeIdToFlash                           0x08003045   Thumb Code    24  user_flash.o(.text)
    clear_buff                               0x08003065   Thumb Code    20  user_global.o(.text)
    getStrLen                                0x08003079   Thumb Code    24  user_global.o(.text)
    WriteLog                                 0x08003091   Thumb Code    70  user_global.o(.text)
    clear_Buffer1                            0x080030d7   Thumb Code    28  user_global.o(.text)
    clear_Buffer2                            0x080030f3   Thumb Code    28  user_global.o(.text)
    intToCharBuff                            0x0800310f   Thumb Code    60  user_global.o(.text)
    charBuffToInt                            0x0800314b   Thumb Code    40  user_global.o(.text)
    compareStr                               0x08003173   Thumb Code    66  user_global.o(.text)
    initGlobalVariable                       0x080031b5   Thumb Code    98  user_global.o(.text)
    isHeapFull                               0x08003245   Thumb Code    16  user_msgheap.o(.text)
    pushMsg                                  0x08003255   Thumb Code    66  user_msgheap.o(.text)
    isHeapEmpty                              0x08003297   Thumb Code    14  user_msgheap.o(.text)
    popMsg                                   0x080032a5   Thumb Code    60  user_msgheap.o(.text)
    clearHeap                                0x080032e1   Thumb Code    42  user_msgheap.o(.text)
    isHeapSendMsgFull                        0x0800330b   Thumb Code    16  user_msgheap.o(.text)
    isHeapSendMsgEmpty                       0x0800331b   Thumb Code    14  user_msgheap.o(.text)
    pushSendMsg                              0x08003329   Thumb Code    66  user_msgheap.o(.text)
    popSendMsg                               0x0800336b   Thumb Code    62  user_msgheap.o(.text)
    Init_12864LCD                            0x080035a5   Thumb Code    92  user_display.o(.text)
    Write_LCD_Line                           0x08003617   Thumb Code    84  user_display.o(.text)
    Display_Page                             0x0800366b   Thumb Code    94  user_display.o(.text)
    DISPLAY_init                             0x080036c9   Thumb Code    18  user_display.o(.text)
    Clear_LCD_Data                           0x080036db   Thumb Code    20  user_display.o(.text)
    TIMER2_Configuration                     0x0800371d   Thumb Code    82  user_init.o(.text)
    EXTI_Configuration                       0x0800376f   Thumb Code   224  user_init.o(.text)
    NVIC_Configuration                       0x0800384f   Thumb Code   166  user_init.o(.text)
    EnablePeriphClk                          0x080038f5   Thumb Code    60  user_init.o(.text)
    NVIC_PriorityGroupConfig                 0x08003931   Thumb Code    10  misc.o(.text)
    NVIC_Init                                0x0800393b   Thumb Code   100  misc.o(.text)
    NVIC_SetVectorTable                      0x0800399f   Thumb Code    14  misc.o(.text)
    NVIC_SystemLPConfig                      0x080039ad   Thumb Code    34  misc.o(.text)
    SysTick_CLKSourceConfig                  0x080039cf   Thumb Code    40  misc.o(.text)
    EXTI_DeInit                              0x08003a0d   Thumb Code    28  stm32f10x_exti.o(.text)
    EXTI_Init                                0x08003a29   Thumb Code   174  stm32f10x_exti.o(.text)
    EXTI_StructInit                          0x08003ad7   Thumb Code    16  stm32f10x_exti.o(.text)
    EXTI_GenerateSWInterrupt                 0x08003ae7   Thumb Code    16  stm32f10x_exti.o(.text)
    EXTI_GetFlagStatus                       0x08003af7   Thumb Code    22  stm32f10x_exti.o(.text)
    EXTI_ClearFlag                           0x08003b0d   Thumb Code     8  stm32f10x_exti.o(.text)
    EXTI_GetITStatus                         0x08003b15   Thumb Code    34  stm32f10x_exti.o(.text)
    EXTI_ClearITPendingBit                   0x08003b37   Thumb Code     8  stm32f10x_exti.o(.text)
    FLASH_SetLatency                         0x08003b4d   Thumb Code    18  stm32f10x_flash.o(.text)
    FLASH_HalfCycleAccessCmd                 0x08003b5f   Thumb Code    22  stm32f10x_flash.o(.text)
    FLASH_PrefetchBufferCmd                  0x08003b75   Thumb Code    22  stm32f10x_flash.o(.text)
    FLASH_Unlock                             0x08003b8b   Thumb Code    12  stm32f10x_flash.o(.text)
    FLASH_Lock                               0x08003b97   Thumb Code    14  stm32f10x_flash.o(.text)
    FLASH_GetStatus                          0x08003ba5   Thumb Code    48  stm32f10x_flash.o(.text)
    FLASH_WaitForLastOperation               0x08003bef   Thumb Code    42  stm32f10x_flash.o(.text)
    FLASH_ErasePage                          0x08003c19   Thumb Code    76  stm32f10x_flash.o(.text)
    FLASH_EraseAllPages                      0x08003c65   Thumb Code    72  stm32f10x_flash.o(.text)
    FLASH_EraseOptionBytes                   0x08003cad   Thumb Code   142  stm32f10x_flash.o(.text)
    FLASH_ProgramWord                        0x08003d3b   Thumb Code   100  stm32f10x_flash.o(.text)
    FLASH_ProgramHalfWord                    0x08003d9f   Thumb Code    64  stm32f10x_flash.o(.text)
    FLASH_ProgramOptionByteData              0x08003ddf   Thumb Code    72  stm32f10x_flash.o(.text)
    FLASH_EnableWriteProtection              0x08003e27   Thumb Code   182  stm32f10x_flash.o(.text)
    FLASH_ReadOutProtection                  0x08003edd   Thumb Code   174  stm32f10x_flash.o(.text)
    FLASH_UserOptionByteConfig               0x08003f8b   Thumb Code    94  stm32f10x_flash.o(.text)
    FLASH_GetUserOptionByte                  0x08003fe9   Thumb Code     8  stm32f10x_flash.o(.text)
    FLASH_GetWriteProtectionOptionByte       0x08003ff1   Thumb Code     6  stm32f10x_flash.o(.text)
    FLASH_GetReadOutProtectionStatus         0x08003ff7   Thumb Code    20  stm32f10x_flash.o(.text)
    FLASH_GetPrefetchBufferStatus            0x0800400b   Thumb Code    20  stm32f10x_flash.o(.text)
    FLASH_ITConfig                           0x0800401f   Thumb Code    26  stm32f10x_flash.o(.text)
    FLASH_GetFlagStatus                      0x08004039   Thumb Code    42  stm32f10x_flash.o(.text)
    FLASH_ClearFlag                          0x08004063   Thumb Code     6  stm32f10x_flash.o(.text)
    GPIO_DeInit                              0x08004079   Thumb Code   188  stm32f10x_gpio.o(.text)
    GPIO_AFIODeInit                          0x08004135   Thumb Code    20  stm32f10x_gpio.o(.text)
    GPIO_Init                                0x08004149   Thumb Code   278  stm32f10x_gpio.o(.text)
    GPIO_StructInit                          0x0800425f   Thumb Code    16  stm32f10x_gpio.o(.text)
    GPIO_ReadInputDataBit                    0x0800426f   Thumb Code    18  stm32f10x_gpio.o(.text)
    GPIO_ReadInputData                       0x08004281   Thumb Code     8  stm32f10x_gpio.o(.text)
    GPIO_ReadOutputDataBit                   0x08004289   Thumb Code    18  stm32f10x_gpio.o(.text)
    GPIO_ReadOutputData                      0x0800429b   Thumb Code     8  stm32f10x_gpio.o(.text)
    GPIO_SetBits                             0x080042a3   Thumb Code     4  stm32f10x_gpio.o(.text)
    GPIO_ResetBits                           0x080042a7   Thumb Code     4  stm32f10x_gpio.o(.text)
    GPIO_WriteBit                            0x080042ab   Thumb Code    10  stm32f10x_gpio.o(.text)
    GPIO_Write                               0x080042b5   Thumb Code     4  stm32f10x_gpio.o(.text)
    GPIO_PinLockConfig                       0x080042b9   Thumb Code    18  stm32f10x_gpio.o(.text)
    GPIO_EventOutputConfig                   0x080042cb   Thumb Code    26  stm32f10x_gpio.o(.text)
    GPIO_EventOutputCmd                      0x080042e5   Thumb Code     6  stm32f10x_gpio.o(.text)
    GPIO_PinRemapConfig                      0x080042eb   Thumb Code   106  stm32f10x_gpio.o(.text)
    GPIO_EXTILineConfig                      0x08004355   Thumb Code    66  stm32f10x_gpio.o(.text)
    RCC_DeInit                               0x080043a9   Thumb Code    62  stm32f10x_rcc.o(.text)
    RCC_HSEConfig                            0x080043e7   Thumb Code    70  stm32f10x_rcc.o(.text)
    RCC_GetFlagStatus                        0x0800442d   Thumb Code    56  stm32f10x_rcc.o(.text)
    RCC_WaitForHSEStartUp                    0x08004465   Thumb Code    54  stm32f10x_rcc.o(.text)
    RCC_AdjustHSICalibrationValue            0x0800449b   Thumb Code    20  stm32f10x_rcc.o(.text)
    RCC_HSICmd                               0x080044af   Thumb Code     6  stm32f10x_rcc.o(.text)
    RCC_PLLConfig                            0x080044b5   Thumb Code    24  stm32f10x_rcc.o(.text)
    RCC_PLLCmd                               0x080044cd   Thumb Code     6  stm32f10x_rcc.o(.text)
    RCC_SYSCLKConfig                         0x080044d3   Thumb Code    18  stm32f10x_rcc.o(.text)
    RCC_GetSYSCLKSource                      0x080044e5   Thumb Code    10  stm32f10x_rcc.o(.text)
    RCC_HCLKConfig                           0x080044ef   Thumb Code    18  stm32f10x_rcc.o(.text)
    RCC_PCLK1Config                          0x08004501   Thumb Code    18  stm32f10x_rcc.o(.text)
    RCC_PCLK2Config                          0x08004513   Thumb Code    20  stm32f10x_rcc.o(.text)
    RCC_ITConfig                             0x08004527   Thumb Code    26  stm32f10x_rcc.o(.text)
    RCC_USBCLKConfig                         0x08004541   Thumb Code     8  stm32f10x_rcc.o(.text)
    RCC_ADCCLKConfig                         0x08004549   Thumb Code    18  stm32f10x_rcc.o(.text)
    RCC_LSEConfig                            0x0800455b   Thumb Code    50  stm32f10x_rcc.o(.text)
    RCC_LSICmd                               0x0800458d   Thumb Code     6  stm32f10x_rcc.o(.text)
    RCC_RTCCLKConfig                         0x08004593   Thumb Code    12  stm32f10x_rcc.o(.text)
    RCC_RTCCLKCmd                            0x0800459f   Thumb Code     8  stm32f10x_rcc.o(.text)
    RCC_GetClocksFreq                        0x080045a7   Thumb Code   192  stm32f10x_rcc.o(.text)
    RCC_AHBPeriphClockCmd                    0x08004667   Thumb Code    26  stm32f10x_rcc.o(.text)
    RCC_APB2PeriphClockCmd                   0x08004681   Thumb Code    26  stm32f10x_rcc.o(.text)
    RCC_APB1PeriphClockCmd                   0x0800469b   Thumb Code    26  stm32f10x_rcc.o(.text)
    RCC_APB2PeriphResetCmd                   0x080046b5   Thumb Code    26  stm32f10x_rcc.o(.text)
    RCC_APB1PeriphResetCmd                   0x080046cf   Thumb Code    26  stm32f10x_rcc.o(.text)
    RCC_BackupResetCmd                       0x080046e9   Thumb Code     8  stm32f10x_rcc.o(.text)
    RCC_ClockSecuritySystemCmd               0x080046f1   Thumb Code     6  stm32f10x_rcc.o(.text)
    RCC_MCOConfig                            0x080046f7   Thumb Code     6  stm32f10x_rcc.o(.text)
    RCC_ClearFlag                            0x080046fd   Thumb Code    14  stm32f10x_rcc.o(.text)
    RCC_GetITStatus                          0x0800470b   Thumb Code    20  stm32f10x_rcc.o(.text)
    RCC_ClearITPendingBit                    0x0800471f   Thumb Code     6  stm32f10x_rcc.o(.text)
    TIM_DeInit                               0x0800474d   Thumb Code   214  stm32f10x_tim.o(.text)
    TIM_TimeBaseInit                         0x08004823   Thumb Code    50  stm32f10x_tim.o(.text)
    TIM_OC1Init                              0x08004855   Thumb Code   110  stm32f10x_tim.o(.text)
    TIM_OC2Init                              0x080048c3   Thumb Code   148  stm32f10x_tim.o(.text)
    TIM_OC3Init                              0x08004957   Thumb Code   144  stm32f10x_tim.o(.text)
    TIM_OC4Init                              0x080049e7   Thumb Code   106  stm32f10x_tim.o(.text)
    TIM_SetIC4Prescaler                      0x08004a51   Thumb Code    26  stm32f10x_tim.o(.text)
    TIM_SetIC3Prescaler                      0x08004abd   Thumb Code    18  stm32f10x_tim.o(.text)
    TIM_SetIC2Prescaler                      0x08004b17   Thumb Code    42  stm32f10x_tim.o(.text)
    TIM_SetIC1Prescaler                      0x08004b91   Thumb Code    18  stm32f10x_tim.o(.text)
    TIM_ICInit                               0x08004bdb   Thumb Code   110  stm32f10x_tim.o(.text)
    TIM_PWMIConfig                           0x08004c49   Thumb Code   124  stm32f10x_tim.o(.text)
    TIM_BDTRConfig                           0x08004cc5   Thumb Code    32  stm32f10x_tim.o(.text)
    TIM_TimeBaseStructInit                   0x08004ce5   Thumb Code    18  stm32f10x_tim.o(.text)
    TIM_OCStructInit                         0x08004cf7   Thumb Code    20  stm32f10x_tim.o(.text)
    TIM_ICStructInit                         0x08004d0b   Thumb Code    18  stm32f10x_tim.o(.text)
    TIM_BDTRStructInit                       0x08004d1d   Thumb Code    18  stm32f10x_tim.o(.text)
    TIM_Cmd                                  0x08004d2f   Thumb Code    24  stm32f10x_tim.o(.text)
    TIM_CtrlPWMOutputs                       0x08004d47   Thumb Code    30  stm32f10x_tim.o(.text)
    TIM_ITConfig                             0x08004d65   Thumb Code    18  stm32f10x_tim.o(.text)
    TIM_GenerateEvent                        0x08004d77   Thumb Code     4  stm32f10x_tim.o(.text)
    TIM_DMAConfig                            0x08004d7b   Thumb Code    10  stm32f10x_tim.o(.text)
    TIM_DMACmd                               0x08004d85   Thumb Code    18  stm32f10x_tim.o(.text)
    TIM_InternalClockConfig                  0x08004d97   Thumb Code    12  stm32f10x_tim.o(.text)
    TIM_SelectInputTrigger                   0x08004da3   Thumb Code    18  stm32f10x_tim.o(.text)
    TIM_ITRxExternalClockConfig              0x08004db5   Thumb Code    24  stm32f10x_tim.o(.text)
    TIM_TIxExternalClockConfig               0x08004dcd   Thumb Code    62  stm32f10x_tim.o(.text)
    TIM_ETRConfig                            0x08004e0b   Thumb Code    30  stm32f10x_tim.o(.text)
    TIM_ETRClockMode1Config                  0x08004e29   Thumb Code    54  stm32f10x_tim.o(.text)
    TIM_ETRClockMode2Config                  0x08004e5f   Thumb Code    32  stm32f10x_tim.o(.text)
    TIM_PrescalerConfig                      0x08004e7f   Thumb Code     6  stm32f10x_tim.o(.text)
    TIM_CounterModeConfig                    0x08004e85   Thumb Code    18  stm32f10x_tim.o(.text)
    TIM_EncoderInterfaceConfig               0x08004e97   Thumb Code    66  stm32f10x_tim.o(.text)
    TIM_ForcedOC1Config                      0x08004ed9   Thumb Code    18  stm32f10x_tim.o(.text)
    TIM_ForcedOC2Config                      0x08004eeb   Thumb Code    26  stm32f10x_tim.o(.text)
    TIM_ForcedOC3Config                      0x08004f05   Thumb Code    18  stm32f10x_tim.o(.text)
    TIM_ForcedOC4Config                      0x08004f17   Thumb Code    26  stm32f10x_tim.o(.text)
    TIM_ARRPreloadConfig                     0x08004f31   Thumb Code    24  stm32f10x_tim.o(.text)
    TIM_SelectCOM                            0x08004f49   Thumb Code    24  stm32f10x_tim.o(.text)
    TIM_SelectCCDMA                          0x08004f61   Thumb Code    24  stm32f10x_tim.o(.text)
    TIM_CCPreloadControl                     0x08004f79   Thumb Code    24  stm32f10x_tim.o(.text)
    TIM_OC1PreloadConfig                     0x08004f91   Thumb Code    18  stm32f10x_tim.o(.text)
    TIM_OC2PreloadConfig                     0x08004fa3   Thumb Code    26  stm32f10x_tim.o(.text)
    TIM_OC3PreloadConfig                     0x08004fbd   Thumb Code    18  stm32f10x_tim.o(.text)
    TIM_OC4PreloadConfig                     0x08004fcf   Thumb Code    26  stm32f10x_tim.o(.text)
    TIM_OC1FastConfig                        0x08004fe9   Thumb Code    18  stm32f10x_tim.o(.text)
    TIM_OC2FastConfig                        0x08004ffb   Thumb Code    26  stm32f10x_tim.o(.text)
    TIM_OC3FastConfig                        0x08005015   Thumb Code    18  stm32f10x_tim.o(.text)
    TIM_OC4FastConfig                        0x08005027   Thumb Code    26  stm32f10x_tim.o(.text)
    TIM_ClearOC1Ref                          0x08005041   Thumb Code    18  stm32f10x_tim.o(.text)
    TIM_ClearOC2Ref                          0x08005053   Thumb Code    24  stm32f10x_tim.o(.text)
    TIM_ClearOC3Ref                          0x0800506b   Thumb Code    18  stm32f10x_tim.o(.text)
    TIM_ClearOC4Ref                          0x0800507d   Thumb Code    24  stm32f10x_tim.o(.text)
    TIM_OC1PolarityConfig                    0x08005095   Thumb Code    18  stm32f10x_tim.o(.text)
    TIM_OC1NPolarityConfig                   0x080050a7   Thumb Code    18  stm32f10x_tim.o(.text)
    TIM_OC2PolarityConfig                    0x080050b9   Thumb Code    26  stm32f10x_tim.o(.text)
    TIM_OC2NPolarityConfig                   0x080050d3   Thumb Code    26  stm32f10x_tim.o(.text)
    TIM_OC3PolarityConfig                    0x080050ed   Thumb Code    26  stm32f10x_tim.o(.text)
    TIM_OC3NPolarityConfig                   0x08005107   Thumb Code    26  stm32f10x_tim.o(.text)
    TIM_OC4PolarityConfig                    0x08005121   Thumb Code    26  stm32f10x_tim.o(.text)
    TIM_CCxCmd                               0x0800513b   Thumb Code    26  stm32f10x_tim.o(.text)
    TIM_CCxNCmd                              0x08005155   Thumb Code    26  stm32f10x_tim.o(.text)
    TIM_SelectOCxM                           0x0800516f   Thumb Code   134  stm32f10x_tim.o(.text)
    TIM_UpdateDisableConfig                  0x080051f5   Thumb Code    24  stm32f10x_tim.o(.text)
    TIM_UpdateRequestConfig                  0x0800520d   Thumb Code    24  stm32f10x_tim.o(.text)
    TIM_SelectHallSensor                     0x08005225   Thumb Code    24  stm32f10x_tim.o(.text)
    TIM_SelectOnePulseMode                   0x0800523d   Thumb Code    18  stm32f10x_tim.o(.text)
    TIM_SelectOutputTrigger                  0x0800524f   Thumb Code    18  stm32f10x_tim.o(.text)
    TIM_SelectSlaveMode                      0x08005261   Thumb Code    18  stm32f10x_tim.o(.text)
    TIM_SelectMasterSlaveMode                0x08005273   Thumb Code    18  stm32f10x_tim.o(.text)
    TIM_SetCounter                           0x08005285   Thumb Code     4  stm32f10x_tim.o(.text)
    TIM_SetAutoreload                        0x08005289   Thumb Code     4  stm32f10x_tim.o(.text)
    TIM_SetCompare1                          0x0800528d   Thumb Code     4  stm32f10x_tim.o(.text)
    TIM_SetCompare2                          0x08005291   Thumb Code     4  stm32f10x_tim.o(.text)
    TIM_SetCompare3                          0x08005295   Thumb Code     4  stm32f10x_tim.o(.text)
    TIM_SetCompare4                          0x08005299   Thumb Code     6  stm32f10x_tim.o(.text)
    TIM_SetClockDivision                     0x0800529f   Thumb Code    14  stm32f10x_tim.o(.text)
    TIM_GetCapture1                          0x080052ad   Thumb Code     6  stm32f10x_tim.o(.text)
    TIM_GetCapture2                          0x080052b3   Thumb Code     6  stm32f10x_tim.o(.text)
    TIM_GetCapture3                          0x080052b9   Thumb Code     6  stm32f10x_tim.o(.text)
    TIM_GetCapture4                          0x080052bf   Thumb Code     8  stm32f10x_tim.o(.text)
    TIM_GetCounter                           0x080052c7   Thumb Code     6  stm32f10x_tim.o(.text)
    TIM_GetPrescaler                         0x080052cd   Thumb Code     6  stm32f10x_tim.o(.text)
    TIM_GetFlagStatus                        0x080052d3   Thumb Code    18  stm32f10x_tim.o(.text)
    TIM_ClearFlag                            0x080052e5   Thumb Code     6  stm32f10x_tim.o(.text)
    TIM_GetITStatus                          0x080052eb   Thumb Code    34  stm32f10x_tim.o(.text)
    TIM_ClearITPendingBit                    0x0800530d   Thumb Code     6  stm32f10x_tim.o(.text)
    USART_DeInit                             0x08005315   Thumb Code   146  stm32f10x_usart.o(.text)
    USART_Init                               0x080053a7   Thumb Code   150  stm32f10x_usart.o(.text)
    USART_StructInit                         0x0800543d   Thumb Code    24  stm32f10x_usart.o(.text)
    USART_ClockInit                          0x08005455   Thumb Code    34  stm32f10x_usart.o(.text)
    USART_ClockStructInit                    0x08005477   Thumb Code    12  stm32f10x_usart.o(.text)
    USART_Cmd                                0x08005483   Thumb Code    24  stm32f10x_usart.o(.text)
    USART_ITConfig                           0x0800549b   Thumb Code    64  stm32f10x_usart.o(.text)
    USART_DMACmd                             0x080054db   Thumb Code    18  stm32f10x_usart.o(.text)
    USART_SetAddress                         0x080054ed   Thumb Code    18  stm32f10x_usart.o(.text)
    USART_WakeUpConfig                       0x080054ff   Thumb Code    18  stm32f10x_usart.o(.text)
    USART_ReceiverWakeUpCmd                  0x08005511   Thumb Code    24  stm32f10x_usart.o(.text)
    USART_LINBreakDetectLengthConfig         0x08005529   Thumb Code    18  stm32f10x_usart.o(.text)
    USART_LINCmd                             0x0800553b   Thumb Code    24  stm32f10x_usart.o(.text)
    USART_SendData                           0x08005553   Thumb Code     8  stm32f10x_usart.o(.text)
    USART_ReceiveData                        0x0800555b   Thumb Code    10  stm32f10x_usart.o(.text)
    USART_SendBreak                          0x08005565   Thumb Code    10  stm32f10x_usart.o(.text)
    USART_SetGuardTime                       0x0800556f   Thumb Code    16  stm32f10x_usart.o(.text)
    USART_SetPrescaler                       0x0800557f   Thumb Code    16  stm32f10x_usart.o(.text)
    USART_SmartCardCmd                       0x0800558f   Thumb Code    24  stm32f10x_usart.o(.text)
    USART_SmartCardNACKCmd                   0x080055a7   Thumb Code    24  stm32f10x_usart.o(.text)
    USART_HalfDuplexCmd                      0x080055bf   Thumb Code    24  stm32f10x_usart.o(.text)
    USART_IrDAConfig                         0x080055d7   Thumb Code    18  stm32f10x_usart.o(.text)
    USART_IrDACmd                            0x080055e9   Thumb Code    24  stm32f10x_usart.o(.text)
    USART_GetFlagStatus                      0x08005601   Thumb Code    18  stm32f10x_usart.o(.text)
    USART_ClearFlag                          0x08005613   Thumb Code     6  stm32f10x_usart.o(.text)
    USART_GetITStatus                        0x08005619   Thumb Code    76  stm32f10x_usart.o(.text)
    USART_ClearITPendingBit                  0x08005665   Thumb Code    20  stm32f10x_usart.o(.text)
    SystemInit                               0x08005769   Thumb Code    68  system_stm32f10x.o(.text)
    SystemInit_ExtMemCtl                     0x080057bd   Thumb Code     2  startup_stm32f10x_hd.o(.text)
    Reset_Handler                            0x080057bf   Thumb Code    14  startup_stm32f10x_hd.o(.text)
    ADC1_2_IRQHandler                        0x080057df   Thumb Code     0  startup_stm32f10x_hd.o(.text)
    ADC3_IRQHandler                          0x080057df   Thumb Code     0  startup_stm32f10x_hd.o(.text)
    CAN1_RX1_IRQHandler                      0x080057df   Thumb Code     0  startup_stm32f10x_hd.o(.text)
    CAN1_SCE_IRQHandler                      0x080057df   Thumb Code     0  startup_stm32f10x_hd.o(.text)
    DMA1_Channel1_IRQHandler                 0x080057df   Thumb Code     0  startup_stm32f10x_hd.o(.text)
    DMA1_Channel2_IRQHandler                 0x080057df   Thumb Code     0  startup_stm32f10x_hd.o(.text)
    DMA1_Channel3_IRQHandler                 0x080057df   Thumb Code     0  startup_stm32f10x_hd.o(.text)
    DMA1_Channel4_IRQHandler                 0x080057df   Thumb Code     0  startup_stm32f10x_hd.o(.text)
    DMA1_Channel5_IRQHandler                 0x080057df   Thumb Code     0  startup_stm32f10x_hd.o(.text)
    DMA1_Channel6_IRQHandler                 0x080057df   Thumb Code     0  startup_stm32f10x_hd.o(.text)
    DMA1_Channel7_IRQHandler                 0x080057df   Thumb Code     0  startup_stm32f10x_hd.o(.text)
    DMA2_Channel1_IRQHandler                 0x080057df   Thumb Code     0  startup_stm32f10x_hd.o(.text)
    DMA2_Channel2_IRQHandler                 0x080057df   Thumb Code     0  startup_stm32f10x_hd.o(.text)
    DMA2_Channel3_IRQHandler                 0x080057df   Thumb Code     0  startup_stm32f10x_hd.o(.text)
    DMA2_Channel4_5_IRQHandler               0x080057df   Thumb Code     0  startup_stm32f10x_hd.o(.text)
    EXTI0_IRQHandler                         0x080057df   Thumb Code     0  startup_stm32f10x_hd.o(.text)
    EXTI1_IRQHandler                         0x080057df   Thumb Code     0  startup_stm32f10x_hd.o(.text)
    EXTI2_IRQHandler                         0x080057df   Thumb Code     0  startup_stm32f10x_hd.o(.text)
    EXTI3_IRQHandler                         0x080057df   Thumb Code     0  startup_stm32f10x_hd.o(.text)
    EXTI4_IRQHandler                         0x080057df   Thumb Code     0  startup_stm32f10x_hd.o(.text)
    FLASH_IRQHandler                         0x080057df   Thumb Code     0  startup_stm32f10x_hd.o(.text)
    FSMC_IRQHandler                          0x080057df   Thumb Code     0  startup_stm32f10x_hd.o(.text)
    I2C1_ER_IRQHandler                       0x080057df   Thumb Code     0  startup_stm32f10x_hd.o(.text)
    I2C1_EV_IRQHandler                       0x080057df   Thumb Code     0  startup_stm32f10x_hd.o(.text)
    I2C2_ER_IRQHandler                       0x080057df   Thumb Code     0  startup_stm32f10x_hd.o(.text)
    I2C2_EV_IRQHandler                       0x080057df   Thumb Code     0  startup_stm32f10x_hd.o(.text)
    RCC_IRQHandler                           0x080057df   Thumb Code     0  startup_stm32f10x_hd.o(.text)
    RTCAlarm_IRQHandler                      0x080057df   Thumb Code     0  startup_stm32f10x_hd.o(.text)
    RTC_IRQHandler                           0x080057df   Thumb Code     0  startup_stm32f10x_hd.o(.text)
    SDIO_IRQHandler                          0x080057df   Thumb Code     0  startup_stm32f10x_hd.o(.text)
    SPI1_IRQHandler                          0x080057df   Thumb Code     0  startup_stm32f10x_hd.o(.text)
    SPI2_IRQHandler                          0x080057df   Thumb Code     0  startup_stm32f10x_hd.o(.text)
    SPI3_IRQHandler                          0x080057df   Thumb Code     0  startup_stm32f10x_hd.o(.text)
    TAMPER_IRQHandler                        0x080057df   Thumb Code     0  startup_stm32f10x_hd.o(.text)
    TIM1_BRK_IRQHandler                      0x080057df   Thumb Code     0  startup_stm32f10x_hd.o(.text)
    TIM1_CC_IRQHandler                       0x080057df   Thumb Code     0  startup_stm32f10x_hd.o(.text)
    TIM1_TRG_COM_IRQHandler                  0x080057df   Thumb Code     0  startup_stm32f10x_hd.o(.text)
    TIM1_UP_IRQHandler                       0x080057df   Thumb Code     0  startup_stm32f10x_hd.o(.text)
    TIM3_IRQHandler                          0x080057df   Thumb Code     0  startup_stm32f10x_hd.o(.text)
    TIM4_IRQHandler                          0x080057df   Thumb Code     0  startup_stm32f10x_hd.o(.text)
    TIM5_IRQHandler                          0x080057df   Thumb Code     0  startup_stm32f10x_hd.o(.text)
    TIM6_IRQHandler                          0x080057df   Thumb Code     0  startup_stm32f10x_hd.o(.text)
    TIM7_IRQHandler                          0x080057df   Thumb Code     0  startup_stm32f10x_hd.o(.text)
    TIM8_BRK_IRQHandler                      0x080057df   Thumb Code     0  startup_stm32f10x_hd.o(.text)
    TIM8_CC_IRQHandler                       0x080057df   Thumb Code     0  startup_stm32f10x_hd.o(.text)
    TIM8_TRG_COM_IRQHandler                  0x080057df   Thumb Code     0  startup_stm32f10x_hd.o(.text)
    TIM8_UP_IRQHandler                       0x080057df   Thumb Code     0  startup_stm32f10x_hd.o(.text)
    UART4_IRQHandler                         0x080057df   Thumb Code     0  startup_stm32f10x_hd.o(.text)
    UART5_IRQHandler                         0x080057df   Thumb Code     0  startup_stm32f10x_hd.o(.text)
    USART2_IRQHandler                        0x080057df   Thumb Code     0  startup_stm32f10x_hd.o(.text)
    USBWakeUp_IRQHandler                     0x080057df   Thumb Code     0  startup_stm32f10x_hd.o(.text)
    USB_HP_CAN1_TX_IRQHandler                0x080057df   Thumb Code     0  startup_stm32f10x_hd.o(.text)
    USB_LP_CAN1_RX0_IRQHandler               0x080057df   Thumb Code     0  startup_stm32f10x_hd.o(.text)
    WWDG_IRQHandler                          0x080057df   Thumb Code     0  startup_stm32f10x_hd.o(.text)
    __user_initial_stackheap                 0x080057e1   Thumb Code     0  startup_stm32f10x_hd.o(.text)
    __aeabi_memcpy                           0x08005805   Thumb Code     0  rt_memcpy_v6.o(.text)
    __rt_memcpy                              0x08005805   Thumb Code   138  rt_memcpy_v6.o(.text)
    _memcpy_lastbytes                        0x0800586b   Thumb Code     0  rt_memcpy_v6.o(.text)
    __aeabi_memcpy4                          0x0800588f   Thumb Code     0  rt_memcpy_w.o(.text)
    __aeabi_memcpy8                          0x0800588f   Thumb Code     0  rt_memcpy_w.o(.text)
    __rt_memcpy_w                            0x0800588f   Thumb Code   100  rt_memcpy_w.o(.text)
    _memcpy_lastbytes_aligned                0x080058d7   Thumb Code     0  rt_memcpy_w.o(.text)
    __use_two_region_memory                  0x080058f3   Thumb Code     2  heapauxi.o(.text)
    __rt_heap_escrow$2region                 0x080058f5   Thumb Code     2  heapauxi.o(.text)
    __rt_heap_expand$2region                 0x080058f7   Thumb Code     2  heapauxi.o(.text)
    __user_setup_stackheap                   0x080058f9   Thumb Code    74  sys_stackheap_outer.o(.text)
    exit                                     0x08005943   Thumb Code    12  exit.o(.text)
    __user_libspace                          0x08005951   Thumb Code     8  libspace.o(.text)
    __user_perproc_libspace                  0x08005951   Thumb Code     0  libspace.o(.text)
    __user_perthread_libspace                0x08005951   Thumb Code     0  libspace.o(.text)
    _sys_exit                                0x08005959   Thumb Code     8  sys_exit.o(.text)
    __I$use$semihosting                      0x08005965   Thumb Code     0  use_no_semi.o(.text)
    __use_no_semihosting_swi                 0x08005965   Thumb Code     2  use_no_semi.o(.text)
    __semihosting_library_function           0x08005967   Thumb Code     0  indicate_semi.o(.text)
    SystemFrequency                          0x08005984   Data           4  system_stm32f10x.o(.constdata)
    SystemFrequency_SysClk                   0x08005988   Data           4  system_stm32f10x.o(.constdata)
    SystemFrequency_AHBClk                   0x0800598c   Data           4  system_stm32f10x.o(.constdata)
    SystemFrequency_APB1Clk                  0x08005990   Data           4  system_stm32f10x.o(.constdata)
    SystemFrequency_APB2Clk                  0x08005994   Data           4  system_stm32f10x.o(.constdata)
    Region$$Table$$Base                      0x08005998   Number         0  anon$$obj.o(Region$$Table)
    Region$$Table$$Limit                     0x080059b8   Number         0  anon$$obj.o(Region$$Table)
    exFlagCheckHeart                         0x20000008   Data           1  stm32f10x_it.o(.data)
    FLASHStatus                              0x20000189   Data           1  user_flash.o(.data)
    dev                                      0x2000018c   Data          36  user_global.o(.data)
    TimingDelay                              0x200001b0   Data           4  user_global.o(.data)
    RxCounter1                               0x200001b4   Data           2  user_global.o(.data)
    RxCounter2                               0x200001b6   Data           2  user_global.o(.data)
    logBuffIndex                             0x200001b8   Data           2  user_global.o(.data)
    page_1                                   0x200001c4   Data          68  user_display.o(.data)
    page_2                                   0x20000208   Data          68  user_display.o(.data)
    page_3                                   0x2000024c   Data          68  user_display.o(.data)
    page_4                                   0x20000290   Data          68  user_display.o(.data)
    page_5                                   0x200002d4   Data          68  user_display.o(.data)
    page_6                                   0x20000318   Data          68  user_display.o(.data)
    page_7                                   0x2000035c   Data          68  user_display.o(.data)
    page_8                                   0x200003a0   Data          68  user_display.o(.data)
    page_9                                   0x200003e4   Data          68  user_display.o(.data)
    pwd                                      0x20000428   Data          17  user_display.o(.data)
    devPwd                                   0x20000439   Data           5  user_display.o(.data)
    server_info                              0x200005a8   Data          28  user_global.o(.bss)
    RxBuffer1                                0x200005c4   Data         512  user_global.o(.bss)
    RxBuffer2                                0x200007c4   Data         512  user_global.o(.bss)
    writeLogBuff                             0x200009c4   Data        4096  user_global.o(.bss)
    __libspace_start                         0x200029c4   Data          96  libspace.o(.bss)
    __temporary_stack_top$libspace           0x20002a24   Data           0  libspace.o(.bss)



==============================================================================

Memory Map of the image

  Image Entry point : 0x08000131

  Load Region LR_IROM1 (Base: 0x08000000, Size: 0x00005e0c, Max: 0x00040000, ABSOLUTE, COMPRESSED[0x00005b3c])

    Execution Region ER_IROM1 (Base: 0x08000000, Size: 0x000059b8, Max: 0x00040000, ABSOLUTE)

    Base Addr    Size         Type   Attr      Idx    E Section Name        Object

    0x08000000   0x00000130   Data   RO          580    RESET               startup_stm32f10x_hd.o
    0x08000130   0x00000008   Code   RO          593  * !!!main             c_w.l(__main.o)
    0x08000138   0x00000034   Code   RO          749    !!!scatter          c_w.l(__scatter.o)
    0x0800016c   0x0000005a   Code   RO          747    !!dczerorl2         c_w.l(__dczerorl2.o)
    0x080001c6   0x00000002   PAD
    0x080001c8   0x0000001c   Code   RO          751    !!handler_zi        c_w.l(__scatter_zi.o)
    0x080001e4   0x00000002   Code   RO          620    .ARM.Collect$$libinit$$00000000  c_w.l(libinit.o)
    0x080001e6   0x00000000   Code   RO          627    .ARM.Collect$$libinit$$00000002  c_w.l(libinit2.o)
    0x080001e6   0x00000000   Code   RO          630    .ARM.Collect$$libinit$$00000008  c_w.l(libinit2.o)
    0x080001e6   0x00000000   Code   RO          632    .ARM.Collect$$libinit$$0000000A  c_w.l(libinit2.o)
    0x080001e6   0x00000000   Code   RO          634    .ARM.Collect$$libinit$$0000000C  c_w.l(libinit2.o)
    0x080001e6   0x00000000   Code   RO          637    .ARM.Collect$$libinit$$0000000F  c_w.l(libinit2.o)
    0x080001e6   0x00000000   Code   RO          639    .ARM.Collect$$libinit$$00000011  c_w.l(libinit2.o)
    0x080001e6   0x00000000   Code   RO          641    .ARM.Collect$$libinit$$00000013  c_w.l(libinit2.o)
    0x080001e6   0x00000000   Code   RO          643    .ARM.Collect$$libinit$$00000015  c_w.l(libinit2.o)
    0x080001e6   0x00000000   Code   RO          645    .ARM.Collect$$libinit$$00000017  c_w.l(libinit2.o)
    0x080001e6   0x00000000   Code   RO          647    .ARM.Collect$$libinit$$00000019  c_w.l(libinit2.o)
    0x080001e6   0x00000000   Code   RO          649    .ARM.Collect$$libinit$$0000001B  c_w.l(libinit2.o)
    0x080001e6   0x00000000   Code   RO          651    .ARM.Collect$$libinit$$0000001D  c_w.l(libinit2.o)
    0x080001e6   0x00000000   Code   RO          653    .ARM.Collect$$libinit$$0000001F  c_w.l(libinit2.o)
    0x080001e6   0x00000000   Code   RO          655    .ARM.Collect$$libinit$$00000021  c_w.l(libinit2.o)
    0x080001e6   0x00000000   Code   RO          657    .ARM.Collect$$libinit$$00000023  c_w.l(libinit2.o)
    0x080001e6   0x00000000   Code   RO          661    .ARM.Collect$$libinit$$0000002A  c_w.l(libinit2.o)
    0x080001e6   0x00000000   Code   RO          663    .ARM.Collect$$libinit$$0000002C  c_w.l(libinit2.o)
    0x080001e6   0x00000000   Code   RO          665    .ARM.Collect$$libinit$$0000002E  c_w.l(libinit2.o)
    0x080001e6   0x00000000   Code   RO          667    .ARM.Collect$$libinit$$00000030  c_w.l(libinit2.o)
    0x080001e6   0x00000002   Code   RO          668    .ARM.Collect$$libinit$$00000031  c_w.l(libinit2.o)
    0x080001e8   0x00000002   Code   RO          688    .ARM.Collect$$libshutdown$$00000000  c_w.l(libshutdown.o)
    0x080001ea   0x00000000   Code   RO          702    .ARM.Collect$$libshutdown$$00000003  c_w.l(libshutdown2.o)
    0x080001ea   0x00000000   Code   RO          705    .ARM.Collect$$libshutdown$$00000006  c_w.l(libshutdown2.o)
    0x080001ea   0x00000000   Code   RO          708    .ARM.Collect$$libshutdown$$00000009  c_w.l(libshutdown2.o)
    0x080001ea   0x00000000   Code   RO          710    .ARM.Collect$$libshutdown$$0000000B  c_w.l(libshutdown2.o)
    0x080001ea   0x00000000   Code   RO          713    .ARM.Collect$$libshutdown$$0000000E  c_w.l(libshutdown2.o)
    0x080001ea   0x00000002   Code   RO          714    .ARM.Collect$$libshutdown$$0000000F  c_w.l(libshutdown2.o)
    0x080001ec   0x00000000   Code   RO          595    .ARM.Collect$$rtentry$$00000000  c_w.l(rtentry.o)
    0x080001ec   0x00000000   Code   RO          597    .ARM.Collect$$rtentry$$00000002  c_w.l(rtentry2.o)
    0x080001ec   0x00000006   Code   RO          609    .ARM.Collect$$rtentry$$00000004  c_w.l(rtentry4.o)
    0x080001f2   0x00000000   Code   RO          599    .ARM.Collect$$rtentry$$00000009  c_w.l(rtentry2.o)
    0x080001f2   0x00000004   Code   RO          600    .ARM.Collect$$rtentry$$0000000A  c_w.l(rtentry2.o)
    0x080001f6   0x00000000   Code   RO          602    .ARM.Collect$$rtentry$$0000000C  c_w.l(rtentry2.o)
    0x080001f6   0x00000008   Code   RO          603    .ARM.Collect$$rtentry$$0000000D  c_w.l(rtentry2.o)
    0x080001fe   0x00000002   Code   RO          624    .ARM.Collect$$rtexit$$00000000  c_w.l(rtexit.o)
    0x08000200   0x00000000   Code   RO          670    .ARM.Collect$$rtexit$$00000002  c_w.l(rtexit2.o)
    0x08000200   0x00000004   Code   RO          671    .ARM.Collect$$rtexit$$00000003  c_w.l(rtexit2.o)
    0x08000204   0x00000006   Code   RO          672    .ARM.Collect$$rtexit$$00000004  c_w.l(rtexit2.o)
    0x0800020a   0x00000002   PAD
    0x0800020c   0x00000210   Code   RO            1    .text               main.o
    0x0800041c   0x00001a58   Code   RO          130    .text               stm32f10x_it.o
    0x08001e74   0x000002e4   Code   RO          152    .text               user_led.o
    0x08002158   0x000003a0   Code   RO          166    .text               user_uart.o
    0x080024f8   0x00000aec   Code   RO          181    .text               user_protocol.o
    0x08002fe4   0x00000080   Code   RO          200    .text               user_flash.o
    0x08003064   0x000001e0   Code   RO          215    .text               user_global.o
    0x08003244   0x00000174   Code   RO          235    .text               user_msgheap.o
    0x080033b8   0x00000364   Code   RO          253    .text               user_display.o
    0x0800371c   0x00000214   Code   RO          271    .text               user_init.o
    0x08003930   0x000000dc   Code   RO          283    .text               misc.o
    0x08003a0c   0x00000140   Code   RO          379    .text               stm32f10x_exti.o
    0x08003b4c   0x0000052c   Code   RO          391    .text               stm32f10x_flash.o
    0x08004078   0x00000330   Code   RO          415    .text               stm32f10x_gpio.o
    0x080043a8   0x000003a4   Code   RO          463    .text               stm32f10x_rcc.o
    0x0800474c   0x00000bc6   Code   RO          513    .text               stm32f10x_tim.o
    0x08005312   0x00000002   PAD
    0x08005314   0x00000370   Code   RO          525    .text               stm32f10x_usart.o
    0x08005684   0x00000138   Code   RO          560    .text               system_stm32f10x.o
    0x080057bc   0x00000048   Code   RO          581    .text               startup_stm32f10x_hd.o
    0x08005804   0x0000008a   Code   RO          587    .text               c_w.l(rt_memcpy_v6.o)
    0x0800588e   0x00000064   Code   RO          589    .text               c_w.l(rt_memcpy_w.o)
    0x080058f2   0x00000006   Code   RO          591    .text               c_w.l(heapauxi.o)
    0x080058f8   0x0000004a   Code   RO          611    .text               c_w.l(sys_stackheap_outer.o)
    0x08005942   0x0000000c   Code   RO          613    .text               c_w.l(exit.o)
    0x0800594e   0x00000002   PAD
    0x08005950   0x00000008   Code   RO          621    .text               c_w.l(libspace.o)
    0x08005958   0x0000000c   Code   RO          680    .text               c_w.l(sys_exit.o)
    0x08005964   0x00000002   Code   RO          691    .text               c_w.l(use_no_semi.o)
    0x08005966   0x00000000   Code   RO          693    .text               c_w.l(indicate_semi.o)
    0x08005966   0x00000002   PAD
    0x08005968   0x00000014   Data   RO          183    .constdata          user_protocol.o
    0x0800597c   0x00000008   Data   RO          217    .constdata          user_global.o
    0x08005984   0x00000014   Data   RO          561    .constdata          system_stm32f10x.o
    0x08005998   0x00000020   Data   RO          745    Region$$Table       anon$$obj.o


    Execution Region RW_IRAM1 (Base: 0x20000000, Size: 0x00002c28, Max: 0x0000c000, ABSOLUTE, COMPRESSED[0x00000184])

    Base Addr    Size         Type   Attr      Idx    E Section Name        Object

    0x20000000   0x00000028   Data   RW          132    .data               stm32f10x_it.o
    0x20000028   0x00000001   Data   RW          153    .data               user_led.o
    0x20000029   0x00000003   PAD
    0x2000002c   0x00000011   Data   RW          168    .data               user_uart.o
    0x2000003d   0x00000003   PAD
    0x20000040   0x00000149   Data   RW          184    .data               user_protocol.o
    0x20000189   0x00000001   Data   RW          201    .data               user_flash.o
    0x2000018a   0x00000002   PAD
    0x2000018c   0x0000002e   Data   RW          218    .data               user_global.o
    0x200001ba   0x00000002   PAD
    0x200001bc   0x00000008   Data   RW          237    .data               user_msgheap.o
    0x200001c4   0x0000027a   Data   RW          254    .data               user_display.o
    0x2000043e   0x00000014   Data   RW          464    .data               stm32f10x_rcc.o
    0x20000452   0x00000002   PAD
    0x20000454   0x00000091   Zero   RW          131    .bss                stm32f10x_it.o
    0x200004e5   0x000000c0   Zero   RW          167    .bss                user_uart.o
    0x200005a5   0x00000003   PAD
    0x200005a8   0x0000141c   Zero   RW          216    .bss                user_global.o
    0x200019c4   0x00001000   Zero   RW          236    .bss                user_msgheap.o
    0x200029c4   0x00000060   Zero   RW          622    .bss                c_w.l(libspace.o)
    0x20002a24   0x00000004   PAD
    0x20002a28   0x00000000   Zero   RW          579    HEAP                startup_stm32f10x_hd.o
    0x20002a28   0x00000200   Zero   RW          578    STACK               startup_stm32f10x_hd.o


==============================================================================

Image component sizes


      Code (inc. data)   RO Data    RW Data    ZI Data      Debug   Object Name

         0          0          0          0          0         32   core_cm3.o
       528         38          0          0          0     266097   main.o
       220         22          0          0          0       1893   misc.o
        72         26        304          0        512        912   startup_stm32f10x_hd.o
       320         14          0          0          0       2283   stm32f10x_exti.o
      1324         34          0          0          0       7242   stm32f10x_flash.o
       816         18          0          0          0       5263   stm32f10x_gpio.o
      6744        286          0         40        145       7720   stm32f10x_it.o
       932         40          0         20          0       8936   stm32f10x_rcc.o
      3014         16          0          0          0      23968   stm32f10x_tim.o
       880         12          0          0          0       7879   stm32f10x_usart.o
       312         16         20          0          0       1793   system_stm32f10x.o
       868         56          0        634          0       5004   user_display.o
       128          8          0          1          0       1981   user_flash.o
       480         46          8         46       5148       3460   user_global.o
       532          0          0          0          0       1245   user_init.o
       740         56          0          1          0       2069   user_led.o
       372         16          0          8       4096       3762   user_msgheap.o
      2796        218         20        329          0       6107   user_protocol.o
       928         54          0         17        192       4563   user_uart.o

    ----------------------------------------------------------------------
     22008        976        384       1108      10096     362209   Object Totals
         0          0         32          0          0          0   (incl. Generated)
         2          0          0         12          3          0   (incl. Padding)

    ----------------------------------------------------------------------

      Code (inc. data)   RO Data    RW Data    ZI Data      Debug   Library Member Name

        90          0          0          0          0          0   __dczerorl2.o
         8          0          0          0          0         68   __main.o
        52          8          0          0          0          0   __scatter.o
        28          0          0          0          0          0   __scatter_zi.o
        12          0          0          0          0         72   exit.o
         6          0          0          0          0        152   heapauxi.o
         0          0          0          0          0          0   indicate_semi.o
         2          0          0          0          0          0   libinit.o
         2          0          0          0          0          0   libinit2.o
         2          0          0          0          0          0   libshutdown.o
         2          0          0          0          0          0   libshutdown2.o
         8          4          0          0         96         68   libspace.o
       138          0          0          0          0         68   rt_memcpy_v6.o
       100          0          0          0          0         80   rt_memcpy_w.o
         0          0          0          0          0          0   rtentry.o
        12          0          0          0          0          0   rtentry2.o
         6          0          0          0          0          0   rtentry4.o
         2          0          0          0          0          0   rtexit.o
        10          0          0          0          0          0   rtexit2.o
        12          4          0          0          0         68   sys_exit.o
        74          0          0          0          0         80   sys_stackheap_outer.o
         2          0          0          0          0         68   use_no_semi.o

    ----------------------------------------------------------------------
       576         16          0          0        100        724   Library Totals
         8          0          0          0          4          0   (incl. Padding)

    ----------------------------------------------------------------------

      Code (inc. data)   RO Data    RW Data    ZI Data      Debug   Library Name

       568         16          0          0         96        724   c_w.l

    ----------------------------------------------------------------------
       576         16          0          0        100        724   Library Totals

    ----------------------------------------------------------------------

==============================================================================


      Code (inc. data)   RO Data    RW Data    ZI Data      Debug   

     22584        992        384       1108      10196     360693   Grand Totals
     22584        992        384        388      10196     360693   ELF Image Totals (compressed)
     22584        992        384        388          0          0   ROM Totals

==============================================================================

    Total RO  Size (Code + RO Data)                22968 (  22.43kB)
    Total RW  Size (RW Data + ZI Data)             11304 (  11.04kB)
    Total ROM Size (Code + RO Data + RW Data)      23356 (  22.81kB)

==============================================================================

