ARM Linker, RVCT4.0 [Build 524] for uVision [Standard]

==============================================================================

Section Cross References

    main.o(.text) refers to system_stm32f10x.o(.text) for SystemInit
    main.o(.text) refers to stm32f10x_gpio.o(.text) for GPIO_PinRemapConfig
    main.o(.text) refers to stm32f10x_rcc.o(.text) for RCC_APB2PeriphClockCmd
    main.o(.text) refers to user_uart.o(.text) for UART1_Configuration
    main.o(.text) refers to user_led.o(.text) for LED_GPIO_Configuration
    main.o(.text) refers to user_key.o(.text) for KEY_GPIO_Configuration
    main.o(.text) refers to misc.o(.text) for NVIC_PriorityGroupConfig
    main.o(.text) refers to system_stm32f10x.o(.constdata) for SystemFrequency
    main.o(.text) refers to user_uart.o(.data) for send1
    main.o(.text) refers to user_uart.o(.data) for send2
    main.o(.text) refers to user_uart.o(.data) for send3
    main.o(.text) refers to user_uart.o(.data) for send4
    main.o(.text) refers to user_uart.o(.data) for send5
    main.o(.text) refers to user_uart.o(.data) for UartHaveData
    stm32f10x_it.o(.text) refers to stm32f10x_gpio.o(.text) for GPIO_ResetBits
    stm32f10x_it.o(.text) refers to stm32f10x_usart.o(.text) for USART_GetITStatus
    stm32f10x_it.o(.text) refers to main.o(.data) for TimingDelay
    stm32f10x_it.o(.text) refers to user_uart.o(.bss) for RxBuffer
    stm32f10x_it.o(.text) refers to user_uart.o(.data) for RxCounter
    user_led.o(.text) refers to stm32f10x_gpio.o(.text) for GPIO_Init
    user_led.o(.text) refers to main.o(.text) for delay
    user_uart.o(.text) refers to stm32f10x_usart.o(.text) for USART_Init
    user_uart.o(.text) refers to stm32f10x_gpio.o(.text) for GPIO_Init
    user_uart.o(.text) refers to user_id.o(.text) for Show_Unique_Device_ID
    user_uart.o(.text) refers to user_uart.o(.data) for .data
    user_uart.o(.text) refers to user_uart.o(.bss) for .bss
    user_uart.o(.text) refers to user_id.o(.data) for Dev_Serial0
    user_adc.o(.text) refers to stm32f10x_gpio.o(.text) for GPIO_Init
    user_adc.o(.text) refers to stm32f10x_dma.o(.text) for DMA_DeInit
    user_adc.o(.text) refers to stm32f10x_adc.o(.text) for ADC_DeInit
    user_adc.o(.text) refers to main.o(.text) for delay1ms
    user_adc.o(.text) refers to user_adc.o(.bss) for .bss
    user_adc.o(.text) refers to user_adc.o(.data) for .data
    user_id.o(.text) refers to user_uart.o(.text) for Uart1_PutChar
    user_id.o(.text) refers to user_id.o(.data) for .data
    user_id.o(.text) refers to user_id.o(.bss) for .bss
    user_key.o(.text) refers to stm32f10x_gpio.o(.text) for GPIO_Init
    user_key.o(.text) refers to main.o(.text) for delay
    stm32f10x_adc.o(.text) refers to stm32f10x_rcc.o(.text) for RCC_APB2PeriphResetCmd
    stm32f10x_bkp.o(.text) refers to stm32f10x_rcc.o(.text) for RCC_BackupResetCmd
    stm32f10x_can.o(.text) refers to stm32f10x_rcc.o(.text) for RCC_APB1PeriphResetCmd
    stm32f10x_dac.o(.text) refers to stm32f10x_rcc.o(.text) for RCC_APB1PeriphResetCmd
    stm32f10x_gpio.o(.text) refers to stm32f10x_rcc.o(.text) for RCC_APB2PeriphResetCmd
    stm32f10x_i2c.o(.text) refers to stm32f10x_rcc.o(.text) for RCC_APB1PeriphResetCmd
    stm32f10x_pwr.o(.text) refers to stm32f10x_rcc.o(.text) for RCC_APB1PeriphResetCmd
    stm32f10x_rcc.o(.text) refers to stm32f10x_rcc.o(.data) for .data
    stm32f10x_spi.o(.text) refers to stm32f10x_rcc.o(.text) for RCC_APB2PeriphResetCmd
    stm32f10x_tim.o(.text) refers to stm32f10x_rcc.o(.text) for RCC_APB1PeriphResetCmd
    stm32f10x_usart.o(.text) refers to stm32f10x_rcc.o(.text) for RCC_APB2PeriphResetCmd
    stm32f10x_wwdg.o(.text) refers to stm32f10x_rcc.o(.text) for RCC_APB1PeriphResetCmd
    startup_stm32f10x_hd.o(STACK) refers (Special) to heapauxi.o(.text) for __use_two_region_memory
    startup_stm32f10x_hd.o(HEAP) refers (Special) to heapauxi.o(.text) for __use_two_region_memory
    startup_stm32f10x_hd.o(RESET) refers (Special) to heapauxi.o(.text) for __use_two_region_memory
    startup_stm32f10x_hd.o(RESET) refers to startup_stm32f10x_hd.o(.text) for Reset_Handler
    startup_stm32f10x_hd.o(RESET) refers to stm32f10x_it.o(.text) for NMI_Handler
    startup_stm32f10x_hd.o(.text) refers (Special) to heapauxi.o(.text) for __use_two_region_memory
    startup_stm32f10x_hd.o(.text) refers to startup_stm32f10x_hd.o(STACK) for __initial_sp
    startup_stm32f10x_hd.o(.text) refers to __main.o(!!!main) for __main
    startup_stm32f10x_hd.o(.text) refers to startup_stm32f10x_hd.o(HEAP) for Heap_Mem
    __main.o(!!!main) refers to rtentry.o(.ARM.Collect$$rtentry$$00000000) for __rt_entry
    rtentry.o(.ARM.Collect$$rtentry$$00000000) refers (Special) to rtentry2.o(.ARM.Collect$$rtentry$$0000000A) for __rt_entry_li
    rtentry.o(.ARM.Collect$$rtentry$$00000000) refers (Special) to rtentry2.o(.ARM.Collect$$rtentry$$0000000D) for __rt_entry_main
    rtentry.o(.ARM.Collect$$rtentry$$00000000) refers (Special) to rtentry2.o(.ARM.Collect$$rtentry$$0000000C) for __rt_entry_postli_1
    rtentry.o(.ARM.Collect$$rtentry$$00000000) refers (Special) to rtentry2.o(.ARM.Collect$$rtentry$$00000009) for __rt_entry_postsh_1
    rtentry.o(.ARM.Collect$$rtentry$$00000000) refers (Special) to rtentry2.o(.ARM.Collect$$rtentry$$00000002) for __rt_entry_presh_1
    rtentry.o(.ARM.Collect$$rtentry$$00000000) refers (Special) to rtentry4.o(.ARM.Collect$$rtentry$$00000004) for __rt_entry_sh
    rtentry.o(.ARM.exidx) refers (Special) to rtentry2.o(.ARM.Collect$$rtentry$$0000000A) for __rt_entry_li
    rtentry.o(.ARM.exidx) refers (Special) to rtentry2.o(.ARM.Collect$$rtentry$$0000000D) for __rt_entry_main
    rtentry.o(.ARM.exidx) refers (Special) to rtentry2.o(.ARM.Collect$$rtentry$$0000000C) for __rt_entry_postli_1
    rtentry.o(.ARM.exidx) refers (Special) to rtentry2.o(.ARM.Collect$$rtentry$$00000009) for __rt_entry_postsh_1
    rtentry.o(.ARM.exidx) refers (Special) to rtentry2.o(.ARM.Collect$$rtentry$$00000002) for __rt_entry_presh_1
    rtentry.o(.ARM.exidx) refers (Special) to rtentry4.o(.ARM.Collect$$rtentry$$00000004) for __rt_entry_sh
    rtentry.o(.ARM.exidx) refers to rtentry.o(.ARM.Collect$$rtentry$$00000000) for .ARM.Collect$$rtentry$$00000000
    rtentry2.o(.ARM.Collect$$rtentry$$00000008) refers to boardinit2.o(.text) for _platform_post_stackheap_init
    rtentry2.o(.ARM.Collect$$rtentry$$0000000A) refers to libinit.o(.ARM.Collect$$libinit$$00000000) for __rt_lib_init
    rtentry2.o(.ARM.Collect$$rtentry$$0000000B) refers to boardinit3.o(.text) for _platform_post_lib_init
    rtentry2.o(.ARM.Collect$$rtentry$$0000000D) refers to main.o(.text) for main
    rtentry2.o(.ARM.Collect$$rtentry$$0000000D) refers to exit.o(.text) for exit
    rtentry2.o(.ARM.exidx) refers to rtentry2.o(.ARM.Collect$$rtentry$$00000001) for .ARM.Collect$$rtentry$$00000001
    rtentry2.o(.ARM.exidx) refers to rtentry2.o(.ARM.Collect$$rtentry$$00000002) for .ARM.Collect$$rtentry$$00000002
    rtentry2.o(.ARM.exidx) refers to rtentry2.o(.ARM.Collect$$rtentry$$00000008) for .ARM.Collect$$rtentry$$00000008
    rtentry2.o(.ARM.exidx) refers to rtentry2.o(.ARM.Collect$$rtentry$$00000009) for .ARM.Collect$$rtentry$$00000009
    rtentry2.o(.ARM.exidx) refers to rtentry2.o(.ARM.Collect$$rtentry$$0000000A) for .ARM.Collect$$rtentry$$0000000A
    rtentry2.o(.ARM.exidx) refers to rtentry2.o(.ARM.Collect$$rtentry$$0000000B) for .ARM.Collect$$rtentry$$0000000B
    rtentry2.o(.ARM.exidx) refers to rtentry2.o(.ARM.Collect$$rtentry$$0000000C) for .ARM.Collect$$rtentry$$0000000C
    rtentry2.o(.ARM.exidx) refers to rtentry2.o(.ARM.Collect$$rtentry$$0000000D) for .ARM.Collect$$rtentry$$0000000D
    rtentry4.o(.ARM.Collect$$rtentry$$00000004) refers to sys_stackheap_outer.o(.text) for __user_setup_stackheap
    rtentry4.o(.ARM.exidx) refers to rtentry4.o(.ARM.Collect$$rtentry$$00000004) for .ARM.Collect$$rtentry$$00000004
    sys_stackheap_outer.o(.text) refers to libspace.o(.text) for __user_perproc_libspace
    sys_stackheap_outer.o(.text) refers to startup_stm32f10x_hd.o(.text) for __user_initial_stackheap
    exit.o(.text) refers to rtexit.o(.ARM.Collect$$rtexit$$00000000) for __rt_exit
    libinit.o(.ARM.Collect$$libinit$$00000000) refers (Special) to libinit2.o(.ARM.Collect$$libinit$$0000002A) for __rt_lib_init_alloca_1
    libinit.o(.ARM.Collect$$libinit$$00000000) refers (Special) to libinit2.o(.ARM.Collect$$libinit$$00000028) for __rt_lib_init_argv_1
    libinit.o(.ARM.Collect$$libinit$$00000000) refers (Special) to libinit2.o(.ARM.Collect$$libinit$$00000017) for __rt_lib_init_atexit_1
    libinit.o(.ARM.Collect$$libinit$$00000000) refers (Special) to libinit2.o(.ARM.Collect$$libinit$$0000001D) for __rt_lib_init_clock_1
    libinit.o(.ARM.Collect$$libinit$$00000000) refers (Special) to libinit2.o(.ARM.Collect$$libinit$$0000002E) for __rt_lib_init_cpp_1
    libinit.o(.ARM.Collect$$libinit$$00000000) refers (Special) to libinit2.o(.ARM.Collect$$libinit$$0000002C) for __rt_lib_init_exceptions_1
    libinit.o(.ARM.Collect$$libinit$$00000000) refers (Special) to libinit2.o(.ARM.Collect$$libinit$$0000001B) for __rt_lib_init_fp_trap_1
    libinit.o(.ARM.Collect$$libinit$$00000000) refers (Special) to libinit2.o(.ARM.Collect$$libinit$$0000001F) for __rt_lib_init_getenv_1
    libinit.o(.ARM.Collect$$libinit$$00000000) refers (Special) to libinit2.o(.ARM.Collect$$libinit$$00000006) for __rt_lib_init_heap_1
    libinit.o(.ARM.Collect$$libinit$$00000000) refers (Special) to libinit2.o(.ARM.Collect$$libinit$$0000000D) for __rt_lib_init_lc_collate_1
    libinit.o(.ARM.Collect$$libinit$$00000000) refers (Special) to libinit2.o(.ARM.Collect$$libinit$$0000000F) for __rt_lib_init_lc_ctype_1
    libinit.o(.ARM.Collect$$libinit$$00000000) refers (Special) to libinit2.o(.ARM.Collect$$libinit$$00000011) for __rt_lib_init_lc_monetary_1
    libinit.o(.ARM.Collect$$libinit$$00000000) refers (Special) to libinit2.o(.ARM.Collect$$libinit$$00000013) for __rt_lib_init_lc_numeric_1
    libinit.o(.ARM.Collect$$libinit$$00000000) refers (Special) to libinit2.o(.ARM.Collect$$libinit$$00000015) for __rt_lib_init_lc_time_1
    libinit.o(.ARM.Collect$$libinit$$00000000) refers (Special) to libinit2.o(.ARM.Collect$$libinit$$0000000A) for __rt_lib_init_rand_1
    libinit.o(.ARM.Collect$$libinit$$00000000) refers (Special) to libinit2.o(.ARM.Collect$$libinit$$0000002F) for __rt_lib_init_return
    libinit.o(.ARM.Collect$$libinit$$00000000) refers (Special) to libinit2.o(.ARM.Collect$$libinit$$00000019) for __rt_lib_init_signal_1
    libinit.o(.ARM.Collect$$libinit$$00000000) refers (Special) to libinit2.o(.ARM.Collect$$libinit$$00000021) for __rt_lib_init_stdio_1
    libinit.o(.ARM.Collect$$libinit$$00000000) refers (Special) to libinit2.o(.ARM.Collect$$libinit$$00000008) for __rt_lib_init_user_alloc_1
    libspace.o(.text) refers to libspace.o(.bss) for __libspace_start
    rtexit.o(.ARM.Collect$$rtexit$$00000000) refers (Special) to rtexit2.o(.ARM.Collect$$rtexit$$00000004) for __rt_exit_exit
    rtexit.o(.ARM.Collect$$rtexit$$00000000) refers (Special) to rtexit2.o(.ARM.Collect$$rtexit$$00000003) for __rt_exit_ls
    rtexit.o(.ARM.Collect$$rtexit$$00000000) refers (Special) to rtexit2.o(.ARM.Collect$$rtexit$$00000002) for __rt_exit_prels_1
    rtexit.o(.ARM.exidx) refers (Special) to rtexit2.o(.ARM.Collect$$rtexit$$00000004) for __rt_exit_exit
    rtexit.o(.ARM.exidx) refers (Special) to rtexit2.o(.ARM.Collect$$rtexit$$00000003) for __rt_exit_ls
    rtexit.o(.ARM.exidx) refers (Special) to rtexit2.o(.ARM.Collect$$rtexit$$00000002) for __rt_exit_prels_1
    rtexit.o(.ARM.exidx) refers to rtexit.o(.ARM.Collect$$rtexit$$00000000) for .ARM.Collect$$rtexit$$00000000
    libinit2.o(.ARM.Collect$$libinit$$0000000C) refers to libinit2.o(.ARM.Collect$$libinit$$0000000B) for .ARM.Collect$$libinit$$0000000B
    libinit2.o(.ARM.Collect$$libinit$$0000000E) refers to libinit2.o(.ARM.Collect$$libinit$$0000000B) for .ARM.Collect$$libinit$$0000000B
    libinit2.o(.ARM.Collect$$libinit$$00000010) refers to libinit2.o(.ARM.Collect$$libinit$$0000000B) for .ARM.Collect$$libinit$$0000000B
    libinit2.o(.ARM.Collect$$libinit$$00000012) refers to libinit2.o(.ARM.Collect$$libinit$$0000000B) for .ARM.Collect$$libinit$$0000000B
    libinit2.o(.ARM.Collect$$libinit$$00000014) refers to libinit2.o(.ARM.Collect$$libinit$$0000000B) for .ARM.Collect$$libinit$$0000000B
    libinit2.o(.ARM.Collect$$libinit$$00000022) refers to argv_veneer.o(.emb_text) for __ARM_argv_veneer
    libinit2.o(.ARM.Collect$$libinit$$00000023) refers to argv_veneer.o(.emb_text) for __ARM_argv_veneer
    rtexit2.o(.ARM.Collect$$rtexit$$00000003) refers to libshutdown.o(.ARM.Collect$$libshutdown$$00000000) for __rt_lib_shutdown
    rtexit2.o(.ARM.Collect$$rtexit$$00000004) refers to sys_exit.o(.text) for _sys_exit
    rtexit2.o(.ARM.exidx) refers to rtexit2.o(.ARM.Collect$$rtexit$$00000001) for .ARM.Collect$$rtexit$$00000001
    rtexit2.o(.ARM.exidx) refers to rtexit2.o(.ARM.Collect$$rtexit$$00000002) for .ARM.Collect$$rtexit$$00000002
    rtexit2.o(.ARM.exidx) refers to rtexit2.o(.ARM.Collect$$rtexit$$00000003) for .ARM.Collect$$rtexit$$00000003
    rtexit2.o(.ARM.exidx) refers to rtexit2.o(.ARM.Collect$$rtexit$$00000004) for .ARM.Collect$$rtexit$$00000004
    argv_veneer.o(.emb_text) refers to no_argv.o(.text) for __ARM_get_argv
    sys_exit.o(.text) refers to use_no_semi.o(.text) for __I$use$semihosting
    _get_argv_nomalloc.o(.text) refers (Special) to hrguard.o(.text) for __heap_region$guard
    _get_argv_nomalloc.o(.text) refers to defsig_rtmem_outer.o(.text) for __rt_SIGRTMEM
    _get_argv_nomalloc.o(.text) refers to sys_command.o(.text) for _sys_command_string
    libshutdown.o(.ARM.Collect$$libshutdown$$00000000) refers (Special) to libshutdown2.o(.ARM.Collect$$libshutdown$$00000006) for __rt_lib_shutdown_fp_trap_1
    libshutdown.o(.ARM.Collect$$libshutdown$$00000000) refers (Special) to libshutdown2.o(.ARM.Collect$$libshutdown$$0000000E) for __rt_lib_shutdown_heap_1
    libshutdown.o(.ARM.Collect$$libshutdown$$00000000) refers (Special) to libshutdown2.o(.ARM.Collect$$libshutdown$$0000000F) for __rt_lib_shutdown_return
    libshutdown.o(.ARM.Collect$$libshutdown$$00000000) refers (Special) to libshutdown2.o(.ARM.Collect$$libshutdown$$00000009) for __rt_lib_shutdown_signal_1
    libshutdown.o(.ARM.Collect$$libshutdown$$00000000) refers (Special) to libshutdown2.o(.ARM.Collect$$libshutdown$$00000003) for __rt_lib_shutdown_stdio_1
    libshutdown.o(.ARM.Collect$$libshutdown$$00000000) refers (Special) to libshutdown2.o(.ARM.Collect$$libshutdown$$0000000B) for __rt_lib_shutdown_user_alloc_1
    sys_command.o(.text) refers (Special) to use_no_semi.o(.text) for __I$use$semihosting
    defsig_rtmem_outer.o(.text) refers to defsig_rtmem_inner.o(.text) for __rt_SIGRTMEM_inner
    defsig_rtmem_outer.o(.text) refers to defsig_exit.o(.text) for __sig_exit
    defsig_rtmem_formal.o(.text) refers to rt_raise.o(.text) for __rt_raise
    rt_raise.o(.text) refers to __raise.o(.text) for __raise
    rt_raise.o(.text) refers to sys_exit.o(.text) for _sys_exit
    defsig_exit.o(.text) refers to sys_exit.o(.text) for _sys_exit
    defsig_rtmem_inner.o(.text) refers to defsig_general.o(.text) for __default_signal_display
    __raise.o(.text) refers to defsig.o(CL$$defsig) for __default_signal_handler
    defsig_general.o(.text) refers to sys_wrch.o(.text) for _ttywrch
    sys_wrch.o(.text) refers (Special) to use_no_semi.o(.text) for __I$use$semihosting
    defsig.o(CL$$defsig) refers to defsig_rtmem_inner.o(.text) for __rt_SIGRTMEM_inner
    defsig_abrt_inner.o(.text) refers to defsig_general.o(.text) for __default_signal_display
    defsig_fpe_inner.o(.text) refers to defsig_general.o(.text) for __default_signal_display
    defsig_rtred_inner.o(.text) refers to defsig_general.o(.text) for __default_signal_display
    defsig_stak_inner.o(.text) refers to defsig_general.o(.text) for __default_signal_display
    defsig_pvfn_inner.o(.text) refers to defsig_general.o(.text) for __default_signal_display
    defsig_cppl_inner.o(.text) refers to defsig_general.o(.text) for __default_signal_display
    defsig_segv_inner.o(.text) refers to defsig_general.o(.text) for __default_signal_display
    defsig_other.o(.text) refers to defsig_general.o(.text) for __default_signal_display


==============================================================================

Removing Unused input sections from the image.

    Removing user_adc.o(.text), (276 bytes).
    Removing user_adc.o(.bss), (64 bytes).
    Removing user_adc.o(.data), (4 bytes).
    Removing user_adc.o(.data), (4 bytes).
    Removing stm32f10x_adc.o(.text), (804 bytes).
    Removing stm32f10x_bkp.o(.text), (148 bytes).
    Removing stm32f10x_can.o(.text), (1380 bytes).
    Removing stm32f10x_crc.o(.text), (64 bytes).
    Removing stm32f10x_dac.o(.text), (264 bytes).
    Removing stm32f10x_dbgmcu.o(.text), (40 bytes).
    Removing stm32f10x_dma.o(.text), (436 bytes).
    Removing stm32f10x_exti.o(.text), (248 bytes).
    Removing stm32f10x_flash.o(.text), (992 bytes).
    Removing stm32f10x_fsmc.o(.text), (1110 bytes).
    Removing stm32f10x_i2c.o(.text), (768 bytes).
    Removing stm32f10x_iwdg.o(.text), (60 bytes).
    Removing stm32f10x_pwr.o(.text), (164 bytes).
    Removing stm32f10x_rtc.o(.text), (256 bytes).
    Removing stm32f10x_sdio.o(.text), (420 bytes).
    Removing stm32f10x_spi.o(.text), (620 bytes).
    Removing stm32f10x_tim.o(.text), (2188 bytes).
    Removing stm32f10x_wwdg.o(.text), (116 bytes).
    Removing core_cm3.o(.emb_text), (32 bytes).
    Removing system_stm32f10x.o(.constdata), (4 bytes).
    Removing system_stm32f10x.o(.constdata), (4 bytes).
    Removing system_stm32f10x.o(.constdata), (4 bytes).
    Removing system_stm32f10x.o(.constdata), (4 bytes).

27 unused section(s) (total 10474 bytes) removed from the image.

==============================================================================

Image Symbol Table

    Local Symbols

    Symbol Name                              Value     Ov Type        Size  Object(Section)

    ../../angel/boardlib.s                   0x00000000   Number         0  boardinit3.o ABSOLUTE
    ../../angel/boardlib.s                   0x00000000   Number         0  boardinit2.o ABSOLUTE
    ../../angel/boardlib.s                   0x00000000   Number         0  boardinit1.o ABSOLUTE
    ../../angel/boardlib.s                   0x00000000   Number         0  boardshut.o ABSOLUTE
    ../../angel/handlers.s                   0x00000000   Number         0  __scatter_zi.o ABSOLUTE
    ../../angel/handlers.s                   0x00000000   Number         0  __scatter_copy.o ABSOLUTE
    ../../angel/kernel.s                     0x00000000   Number         0  rtentry4.o ABSOLUTE
    ../../angel/kernel.s                     0x00000000   Number         0  rtentry.o ABSOLUTE
    ../../angel/kernel.s                     0x00000000   Number         0  rtexit.o ABSOLUTE
    ../../angel/kernel.s                     0x00000000   Number         0  rtentry2.o ABSOLUTE
    ../../angel/kernel.s                     0x00000000   Number         0  rtexit2.o ABSOLUTE
    ../../angel/rt.s                         0x00000000   Number         0  rt_raise.o ABSOLUTE
    ../../angel/scatter.s                    0x00000000   Number         0  __scatter.o ABSOLUTE
    ../../angel/startup.s                    0x00000000   Number         0  __main.o ABSOLUTE
    ../../angel/sys.s                        0x00000000   Number         0  libspace.o ABSOLUTE
    ../../angel/sys.s                        0x00000000   Number         0  use_no_semi.o ABSOLUTE
    ../../angel/sys.s                        0x00000000   Number         0  sys_exit.o ABSOLUTE
    ../../angel/sys.s                        0x00000000   Number         0  sys_stackheap_outer.o ABSOLUTE
    ../../angel/sysapp.c                     0x00000000   Number         0  sys_command.o ABSOLUTE
    ../../angel/sysapp.c                     0x00000000   Number         0  sys_wrch.o ABSOLUTE
    ../../armsys.c                           0x00000000   Number         0  _get_argv_nomalloc.o ABSOLUTE
    ../../armsys.c                           0x00000000   Number         0  no_argv.o ABSOLUTE
    ../../armsys.c                           0x00000000   Number         0  argv_veneer.o ABSOLUTE
    ../../armsys.c                           0x00000000   Number         0  argv_veneer.o ABSOLUTE
    ../../fpinit.s                           0x00000000   Number         0  fpinit.o ABSOLUTE
    ../../heapalloc.c                        0x00000000   Number         0  hrguard.o ABSOLUTE
    ../../heapaux.c                          0x00000000   Number         0  heapauxi.o ABSOLUTE
    ../../libinit.s                          0x00000000   Number         0  libinit.o ABSOLUTE
    ../../libinit.s                          0x00000000   Number         0  libinit2.o ABSOLUTE
    ../../libinit.s                          0x00000000   Number         0  libshutdown.o ABSOLUTE
    ../../libinit.s                          0x00000000   Number         0  libshutdown2.o ABSOLUTE
    ../../signal.c                           0x00000000   Number         0  defsig_pvfn_inner.o ABSOLUTE
    ../../signal.c                           0x00000000   Number         0  defsig_rtred_inner.o ABSOLUTE
    ../../signal.c                           0x00000000   Number         0  defsig_fpe_inner.o ABSOLUTE
    ../../signal.c                           0x00000000   Number         0  defsig_abrt_inner.o ABSOLUTE
    ../../signal.c                           0x00000000   Number         0  defsig_rtmem_formal.o ABSOLUTE
    ../../signal.c                           0x00000000   Number         0  defsig_stak_inner.o ABSOLUTE
    ../../signal.c                           0x00000000   Number         0  defsig_general.o ABSOLUTE
    ../../signal.c                           0x00000000   Number         0  __raise.o ABSOLUTE
    ../../signal.c                           0x00000000   Number         0  defsig_rtmem_inner.o ABSOLUTE
    ../../signal.c                           0x00000000   Number         0  defsig_exit.o ABSOLUTE
    ../../signal.c                           0x00000000   Number         0  defsig_rtmem_outer.o ABSOLUTE
    ../../signal.c                           0x00000000   Number         0  defsig_other.o ABSOLUTE
    ../../signal.c                           0x00000000   Number         0  defsig_segv_inner.o ABSOLUTE
    ../../signal.c                           0x00000000   Number         0  defsig_cppl_inner.o ABSOLUTE
    ../../signal.s                           0x00000000   Number         0  defsig.o ABSOLUTE
    ../../stdlib.c                           0x00000000   Number         0  exit.o ABSOLUTE
    ..\..\CMSIS\Core\CM3\core_cm3.c          0x00000000   Number         0  core_cm3.o ABSOLUTE
    ..\..\CMSIS\Core\CM3\startup\arm\startup_stm32f10x_hd.s 0x00000000   Number         0  startup_stm32f10x_hd.o ABSOLUTE
    ..\..\CMSIS\Core\CM3\system_stm32f10x.c  0x00000000   Number         0  system_stm32f10x.o ABSOLUTE
    ..\..\STM32F10x_StdPeriph_Driver\src\misc.c 0x00000000   Number         0  misc.o ABSOLUTE
    ..\..\STM32F10x_StdPeriph_Driver\src\stm32f10x_adc.c 0x00000000   Number         0  stm32f10x_adc.o ABSOLUTE
    ..\..\STM32F10x_StdPeriph_Driver\src\stm32f10x_bkp.c 0x00000000   Number         0  stm32f10x_bkp.o ABSOLUTE
    ..\..\STM32F10x_StdPeriph_Driver\src\stm32f10x_can.c 0x00000000   Number         0  stm32f10x_can.o ABSOLUTE
    ..\..\STM32F10x_StdPeriph_Driver\src\stm32f10x_crc.c 0x00000000   Number         0  stm32f10x_crc.o ABSOLUTE
    ..\..\STM32F10x_StdPeriph_Driver\src\stm32f10x_dac.c 0x00000000   Number         0  stm32f10x_dac.o ABSOLUTE
    ..\..\STM32F10x_StdPeriph_Driver\src\stm32f10x_dbgmcu.c 0x00000000   Number         0  stm32f10x_dbgmcu.o ABSOLUTE
    ..\..\STM32F10x_StdPeriph_Driver\src\stm32f10x_dma.c 0x00000000   Number         0  stm32f10x_dma.o ABSOLUTE
    ..\..\STM32F10x_StdPeriph_Driver\src\stm32f10x_exti.c 0x00000000   Number         0  stm32f10x_exti.o ABSOLUTE
    ..\..\STM32F10x_StdPeriph_Driver\src\stm32f10x_flash.c 0x00000000   Number         0  stm32f10x_flash.o ABSOLUTE
    ..\..\STM32F10x_StdPeriph_Driver\src\stm32f10x_fsmc.c 0x00000000   Number         0  stm32f10x_fsmc.o ABSOLUTE
    ..\..\STM32F10x_StdPeriph_Driver\src\stm32f10x_gpio.c 0x00000000   Number         0  stm32f10x_gpio.o ABSOLUTE
    ..\..\STM32F10x_StdPeriph_Driver\src\stm32f10x_i2c.c 0x00000000   Number         0  stm32f10x_i2c.o ABSOLUTE
    ..\..\STM32F10x_StdPeriph_Driver\src\stm32f10x_iwdg.c 0x00000000   Number         0  stm32f10x_iwdg.o ABSOLUTE
    ..\..\STM32F10x_StdPeriph_Driver\src\stm32f10x_pwr.c 0x00000000   Number         0  stm32f10x_pwr.o ABSOLUTE
    ..\..\STM32F10x_StdPeriph_Driver\src\stm32f10x_rcc.c 0x00000000   Number         0  stm32f10x_rcc.o ABSOLUTE
    ..\..\STM32F10x_StdPeriph_Driver\src\stm32f10x_rtc.c 0x00000000   Number         0  stm32f10x_rtc.o ABSOLUTE
    ..\..\STM32F10x_StdPeriph_Driver\src\stm32f10x_sdio.c 0x00000000   Number         0  stm32f10x_sdio.o ABSOLUTE
    ..\..\STM32F10x_StdPeriph_Driver\src\stm32f10x_spi.c 0x00000000   Number         0  stm32f10x_spi.o ABSOLUTE
    ..\..\STM32F10x_StdPeriph_Driver\src\stm32f10x_tim.c 0x00000000   Number         0  stm32f10x_tim.o ABSOLUTE
    ..\..\STM32F10x_StdPeriph_Driver\src\stm32f10x_usart.c 0x00000000   Number         0  stm32f10x_usart.o ABSOLUTE
    ..\..\STM32F10x_StdPeriph_Driver\src\stm32f10x_wwdg.c 0x00000000   Number         0  stm32f10x_wwdg.o ABSOLUTE
    ..\..\User\main.c                        0x00000000   Number         0  main.o ABSOLUTE
    ..\..\User\stm32f10x_it.c                0x00000000   Number         0  stm32f10x_it.o ABSOLUTE
    ..\..\User\user_adc.c                    0x00000000   Number         0  user_adc.o ABSOLUTE
    ..\..\User\user_id.c                     0x00000000   Number         0  user_id.o ABSOLUTE
    ..\..\User\user_key.c                    0x00000000   Number         0  user_key.o ABSOLUTE
    ..\..\User\user_led.c                    0x00000000   Number         0  user_led.o ABSOLUTE
    ..\..\User\user_uart.c                   0x00000000   Number         0  user_uart.o ABSOLUTE
    ..\\..\\CMSIS\\Core\\CM3\\core_cm3.c     0x00000000   Number         0  core_cm3.o ABSOLUTE
    dc.s                                     0x00000000   Number         0  dc.o ABSOLUTE
    RESET                                    0x20000000   Section      304  startup_stm32f10x_hd.o(RESET)
    !!!main                                  0x20000130   Section        8  __main.o(!!!main)
    !!!scatter                               0x20000138   Section       52  __scatter.o(!!!scatter)
    !!handler_copy                           0x2000016c   Section       26  __scatter_copy.o(!!handler_copy)
    !!handler_zi                             0x20000188   Section       28  __scatter_zi.o(!!handler_zi)
    .ARM.Collect$$libinit$$00000000          0x200001a4   Section        6  libinit.o(.ARM.Collect$$libinit$$00000000)
    .ARM.Collect$$libinit$$00000006          0x200001aa   Section        0  libinit2.o(.ARM.Collect$$libinit$$00000006)
    .ARM.Collect$$libinit$$00000008          0x200001aa   Section        0  libinit2.o(.ARM.Collect$$libinit$$00000008)
    .ARM.Collect$$libinit$$0000000A          0x200001aa   Section        0  libinit2.o(.ARM.Collect$$libinit$$0000000A)
    .ARM.Collect$$libinit$$0000000D          0x200001aa   Section        0  libinit2.o(.ARM.Collect$$libinit$$0000000D)
    .ARM.Collect$$libinit$$0000000F          0x200001aa   Section        0  libinit2.o(.ARM.Collect$$libinit$$0000000F)
    .ARM.Collect$$libinit$$00000011          0x200001aa   Section        0  libinit2.o(.ARM.Collect$$libinit$$00000011)
    .ARM.Collect$$libinit$$00000013          0x200001aa   Section        0  libinit2.o(.ARM.Collect$$libinit$$00000013)
    .ARM.Collect$$libinit$$00000015          0x200001aa   Section        0  libinit2.o(.ARM.Collect$$libinit$$00000015)
    .ARM.Collect$$libinit$$00000017          0x200001aa   Section        0  libinit2.o(.ARM.Collect$$libinit$$00000017)
    .ARM.Collect$$libinit$$00000019          0x200001aa   Section        0  libinit2.o(.ARM.Collect$$libinit$$00000019)
    .ARM.Collect$$libinit$$0000001B          0x200001aa   Section        0  libinit2.o(.ARM.Collect$$libinit$$0000001B)
    .ARM.Collect$$libinit$$0000001D          0x200001aa   Section        0  libinit2.o(.ARM.Collect$$libinit$$0000001D)
    .ARM.Collect$$libinit$$0000001F          0x200001aa   Section        0  libinit2.o(.ARM.Collect$$libinit$$0000001F)
    .ARM.Collect$$libinit$$00000021          0x200001aa   Section        0  libinit2.o(.ARM.Collect$$libinit$$00000021)
    .ARM.Collect$$libinit$$00000028          0x200001aa   Section        0  libinit2.o(.ARM.Collect$$libinit$$00000028)
    .ARM.Collect$$libinit$$0000002A          0x200001aa   Section        0  libinit2.o(.ARM.Collect$$libinit$$0000002A)
    .ARM.Collect$$libinit$$0000002C          0x200001aa   Section        0  libinit2.o(.ARM.Collect$$libinit$$0000002C)
    .ARM.Collect$$libinit$$0000002E          0x200001aa   Section        0  libinit2.o(.ARM.Collect$$libinit$$0000002E)
    .ARM.Collect$$libinit$$0000002F          0x200001aa   Section        2  libinit2.o(.ARM.Collect$$libinit$$0000002F)
    .ARM.Collect$$libshutdown$$00000000      0x200001ac   Section        2  libshutdown.o(.ARM.Collect$$libshutdown$$00000000)
    .ARM.Collect$$libshutdown$$00000003      0x200001ae   Section        0  libshutdown2.o(.ARM.Collect$$libshutdown$$00000003)
    .ARM.Collect$$libshutdown$$00000006      0x200001ae   Section        0  libshutdown2.o(.ARM.Collect$$libshutdown$$00000006)
    .ARM.Collect$$libshutdown$$00000009      0x200001ae   Section        0  libshutdown2.o(.ARM.Collect$$libshutdown$$00000009)
    .ARM.Collect$$libshutdown$$0000000B      0x200001ae   Section        0  libshutdown2.o(.ARM.Collect$$libshutdown$$0000000B)
    .ARM.Collect$$libshutdown$$0000000E      0x200001ae   Section        0  libshutdown2.o(.ARM.Collect$$libshutdown$$0000000E)
    .ARM.Collect$$libshutdown$$0000000F      0x200001ae   Section        2  libshutdown2.o(.ARM.Collect$$libshutdown$$0000000F)
    .ARM.Collect$$rtentry$$00000000          0x200001b0   Section        0  rtentry.o(.ARM.Collect$$rtentry$$00000000)
    .ARM.Collect$$rtentry$$00000002          0x200001b0   Section        0  rtentry2.o(.ARM.Collect$$rtentry$$00000002)
    .ARM.Collect$$rtentry$$00000004          0x200001b0   Section        6  rtentry4.o(.ARM.Collect$$rtentry$$00000004)
    .ARM.Collect$$rtentry$$00000009          0x200001b6   Section        0  rtentry2.o(.ARM.Collect$$rtentry$$00000009)
    .ARM.Collect$$rtentry$$0000000A          0x200001b6   Section        4  rtentry2.o(.ARM.Collect$$rtentry$$0000000A)
    .ARM.Collect$$rtentry$$0000000C          0x200001ba   Section        0  rtentry2.o(.ARM.Collect$$rtentry$$0000000C)
    .ARM.Collect$$rtentry$$0000000D          0x200001ba   Section        8  rtentry2.o(.ARM.Collect$$rtentry$$0000000D)
    .ARM.Collect$$rtexit$$00000000           0x200001c2   Section        0  rtexit.o(.ARM.Collect$$rtexit$$00000000)
    .ARM.Collect$$rtexit$$00000002           0x200001c2   Section        0  rtexit2.o(.ARM.Collect$$rtexit$$00000002)
    .ARM.Collect$$rtexit$$00000003           0x200001c2   Section        4  rtexit2.o(.ARM.Collect$$rtexit$$00000003)
    .ARM.Collect$$rtexit$$00000004           0x200001c6   Section        4  rtexit2.o(.ARM.Collect$$rtexit$$00000004)
    .text                                    0x200001cc   Section      688  main.o(.text)
    NVIC_Configuration                       0x200003b3   Thumb Code   122  main.o(.text)
    .text                                    0x2000047c   Section      596  stm32f10x_it.o(.text)
    .text                                    0x200006d0   Section      328  user_led.o(.text)
    .text                                    0x20000818   Section     1276  user_uart.o(.text)
    .text                                    0x20000d14   Section      200  user_id.o(.text)
    .text                                    0x20000ddc   Section      384  user_key.o(.text)
    .text                                    0x20000f5c   Section      176  misc.o(.text)
    .text                                    0x2000100c   Section      572  stm32f10x_gpio.o(.text)
    .text                                    0x20001248   Section      688  stm32f10x_rcc.o(.text)
    .text                                    0x200014f8   Section      728  stm32f10x_usart.o(.text)
    .text                                    0x200017d0   Section      204  system_stm32f10x.o(.text)
    SetSysClockTo72                          0x20001803   Thumb Code   138  system_stm32f10x.o(.text)
    .text                                    0x2000189c   Section       72  startup_stm32f10x_hd.o(.text)
    .text                                    0x200018e4   Section        6  heapauxi.o(.text)
    .text                                    0x200018ea   Section       74  sys_stackheap_outer.o(.text)
    .text                                    0x20001934   Section       12  exit.o(.text)
    .text                                    0x20001940   Section        8  libspace.o(.text)
    .text                                    0x20001948   Section       20  sys_exit.o(.text)
    .text                                    0x2000195c   Section        2  use_no_semi.o(.text)
    .constdata                               0x20001960   Section        4  system_stm32f10x.o(.constdata)
    .data                                    0x2000f000   Section        4  main.o(.data)
    .data                                    0x2000f004   Section       10  user_uart.o(.data)
    .data                                    0x2000f00e   Section        6  user_uart.o(.data)
    .data                                    0x2000f014   Section        6  user_uart.o(.data)
    .data                                    0x2000f01a   Section        6  user_uart.o(.data)
    .data                                    0x2000f020   Section        6  user_uart.o(.data)
    .data                                    0x2000f026   Section        6  user_uart.o(.data)
    .data                                    0x2000f02c   Section       12  user_id.o(.data)
    .data                                    0x2000f038   Section       20  stm32f10x_rcc.o(.data)
    ADCPrescTable                            0x2000f038   Data           4  stm32f10x_rcc.o(.data)
    APBAHBPrescTable                         0x2000f03c   Data          16  stm32f10x_rcc.o(.data)
    .bss                                     0x2000f04c   Section       50  user_uart.o(.bss)
    .bss                                     0x2000f07e   Section       24  user_id.o(.bss)
    .bss                                     0x2000f098   Section       96  libspace.o(.bss)
    HEAP                                     0x2000f0f8   Section        0  startup_stm32f10x_hd.o(HEAP)
    STACK                                    0x2000f0f8   Section      512  startup_stm32f10x_hd.o(STACK)
    Heap_Mem                                 0x2000f0f8   Data           0  startup_stm32f10x_hd.o(HEAP)
    Stack_Mem                                0x2000f0f8   Data         512  startup_stm32f10x_hd.o(STACK)
    __initial_sp                             0x2000f2f8   Data           0  startup_stm32f10x_hd.o(STACK)

    Global Symbols

    Symbol Name                              Value     Ov Type        Size  Object(Section)

    BuildAttributes$$THM_ISAv4$P$D$K$B$S$PE$A:L22UL41UL21$X:L11$S22US41US21$IEEE1$IW$USESV6$~STKCKD$USESV7$~SHL$OSPACE$ROPI$EBA8$UX$STANDARDLIB$REQ8$PRES8$EABIv2 0x00000000   Number         0  anon$$obj.o ABSOLUTE
    __ARM_use_no_argv                        0x00000000   Number         0  main.o ABSOLUTE
    __ARM_exceptions_init                     - Undefined Weak Reference
    __alloca_initialize                       - Undefined Weak Reference
    __cpp_initialize__aeabi_                  - Undefined Weak Reference
    __cxa_finalize                            - Undefined Weak Reference
    __rt_locale                               - Undefined Weak Reference
    __sigvec_lookup                           - Undefined Weak Reference
    _atexit_init                              - Undefined Weak Reference
    _call_atexit_fns                          - Undefined Weak Reference
    _clock_init                               - Undefined Weak Reference
    _fp_trap_init                             - Undefined Weak Reference
    _fp_trap_shutdown                         - Undefined Weak Reference
    _get_lc_collate                           - Undefined Weak Reference
    _get_lc_ctype                             - Undefined Weak Reference
    _get_lc_monetary                          - Undefined Weak Reference
    _get_lc_numeric                           - Undefined Weak Reference
    _get_lc_time                              - Undefined Weak Reference
    _getenv_init                              - Undefined Weak Reference
    _handle_redirection                       - Undefined Weak Reference
    _init_alloc                               - Undefined Weak Reference
    _init_user_alloc                          - Undefined Weak Reference
    _initio                                   - Undefined Weak Reference
    _rand_init                                - Undefined Weak Reference
    _signal_finish                            - Undefined Weak Reference
    _signal_init                              - Undefined Weak Reference
    _terminate_alloc                          - Undefined Weak Reference
    _terminate_user_alloc                     - Undefined Weak Reference
    _terminateio                              - Undefined Weak Reference
    __Vectors_Size                           0x00000130   Number         0  startup_stm32f10x_hd.o ABSOLUTE
    __Vectors                                0x20000000   Data           4  startup_stm32f10x_hd.o(RESET)
    __Vectors_End                            0x20000130   Data           0  startup_stm32f10x_hd.o(RESET)
    __main                                   0x20000131   Thumb Code     8  __main.o(!!!main)
    __scatterload                            0x20000139   Thumb Code     0  __scatter.o(!!!scatter)
    __scatterload_rt2                        0x20000139   Thumb Code    44  __scatter.o(!!!scatter)
    __scatterload_rt2_thumb_only             0x20000139   Thumb Code     0  __scatter.o(!!!scatter)
    __scatterload_null                       0x20000147   Thumb Code     0  __scatter.o(!!!scatter)
    __scatterload_copy                       0x2000016d   Thumb Code    26  __scatter_copy.o(!!handler_copy)
    __scatterload_zeroinit                   0x20000189   Thumb Code    28  __scatter_zi.o(!!handler_zi)
    __rt_lib_init                            0x200001a5   Thumb Code     0  libinit.o(.ARM.Collect$$libinit$$00000000)
    __rt_lib_init_alloca_1                   0x200001ab   Thumb Code     0  libinit2.o(.ARM.Collect$$libinit$$0000002A)
    __rt_lib_init_argv_1                     0x200001ab   Thumb Code     0  libinit2.o(.ARM.Collect$$libinit$$00000028)
    __rt_lib_init_atexit_1                   0x200001ab   Thumb Code     0  libinit2.o(.ARM.Collect$$libinit$$00000017)
    __rt_lib_init_clock_1                    0x200001ab   Thumb Code     0  libinit2.o(.ARM.Collect$$libinit$$0000001D)
    __rt_lib_init_cpp_1                      0x200001ab   Thumb Code     0  libinit2.o(.ARM.Collect$$libinit$$0000002E)
    __rt_lib_init_exceptions_1               0x200001ab   Thumb Code     0  libinit2.o(.ARM.Collect$$libinit$$0000002C)
    __rt_lib_init_fp_trap_1                  0x200001ab   Thumb Code     0  libinit2.o(.ARM.Collect$$libinit$$0000001B)
    __rt_lib_init_getenv_1                   0x200001ab   Thumb Code     0  libinit2.o(.ARM.Collect$$libinit$$0000001F)
    __rt_lib_init_heap_1                     0x200001ab   Thumb Code     0  libinit2.o(.ARM.Collect$$libinit$$00000006)
    __rt_lib_init_lc_collate_1               0x200001ab   Thumb Code     0  libinit2.o(.ARM.Collect$$libinit$$0000000D)
    __rt_lib_init_lc_ctype_1                 0x200001ab   Thumb Code     0  libinit2.o(.ARM.Collect$$libinit$$0000000F)
    __rt_lib_init_lc_monetary_1              0x200001ab   Thumb Code     0  libinit2.o(.ARM.Collect$$libinit$$00000011)
    __rt_lib_init_lc_numeric_1               0x200001ab   Thumb Code     0  libinit2.o(.ARM.Collect$$libinit$$00000013)
    __rt_lib_init_lc_time_1                  0x200001ab   Thumb Code     0  libinit2.o(.ARM.Collect$$libinit$$00000015)
    __rt_lib_init_rand_1                     0x200001ab   Thumb Code     0  libinit2.o(.ARM.Collect$$libinit$$0000000A)
    __rt_lib_init_return                     0x200001ab   Thumb Code     0  libinit2.o(.ARM.Collect$$libinit$$0000002F)
    __rt_lib_init_signal_1                   0x200001ab   Thumb Code     0  libinit2.o(.ARM.Collect$$libinit$$00000019)
    __rt_lib_init_stdio_1                    0x200001ab   Thumb Code     0  libinit2.o(.ARM.Collect$$libinit$$00000021)
    __rt_lib_init_user_alloc_1               0x200001ab   Thumb Code     0  libinit2.o(.ARM.Collect$$libinit$$00000008)
    __rt_lib_shutdown                        0x200001ad   Thumb Code     0  libshutdown.o(.ARM.Collect$$libshutdown$$00000000)
    __rt_lib_shutdown_fp_trap_1              0x200001af   Thumb Code     0  libshutdown2.o(.ARM.Collect$$libshutdown$$00000006)
    __rt_lib_shutdown_heap_1                 0x200001af   Thumb Code     0  libshutdown2.o(.ARM.Collect$$libshutdown$$0000000E)
    __rt_lib_shutdown_return                 0x200001af   Thumb Code     0  libshutdown2.o(.ARM.Collect$$libshutdown$$0000000F)
    __rt_lib_shutdown_signal_1               0x200001af   Thumb Code     0  libshutdown2.o(.ARM.Collect$$libshutdown$$00000009)
    __rt_lib_shutdown_stdio_1                0x200001af   Thumb Code     0  libshutdown2.o(.ARM.Collect$$libshutdown$$00000003)
    __rt_lib_shutdown_user_alloc_1           0x200001af   Thumb Code     0  libshutdown2.o(.ARM.Collect$$libshutdown$$0000000B)
    __rt_entry                               0x200001b1   Thumb Code     0  rtentry.o(.ARM.Collect$$rtentry$$00000000)
    __rt_entry_presh_1                       0x200001b1   Thumb Code     0  rtentry2.o(.ARM.Collect$$rtentry$$00000002)
    __rt_entry_sh                            0x200001b1   Thumb Code     0  rtentry4.o(.ARM.Collect$$rtentry$$00000004)
    __rt_entry_li                            0x200001b7   Thumb Code     0  rtentry2.o(.ARM.Collect$$rtentry$$0000000A)
    __rt_entry_postsh_1                      0x200001b7   Thumb Code     0  rtentry2.o(.ARM.Collect$$rtentry$$00000009)
    __rt_entry_main                          0x200001bb   Thumb Code     0  rtentry2.o(.ARM.Collect$$rtentry$$0000000D)
    __rt_entry_postli_1                      0x200001bb   Thumb Code     0  rtentry2.o(.ARM.Collect$$rtentry$$0000000C)
    __rt_exit                                0x200001c3   Thumb Code     0  rtexit.o(.ARM.Collect$$rtexit$$00000000)
    __rt_exit_ls                             0x200001c3   Thumb Code     0  rtexit2.o(.ARM.Collect$$rtexit$$00000003)
    __rt_exit_prels_1                        0x200001c3   Thumb Code     0  rtexit2.o(.ARM.Collect$$rtexit$$00000002)
    __rt_exit_exit                           0x200001c7   Thumb Code     0  rtexit2.o(.ARM.Collect$$rtexit$$00000004)
    delay                                    0x200001cd   Thumb Code    12  main.o(.text)
    main                                     0x200001d9   Thumb Code   430  main.o(.text)
    BUZZER_GPIO_Configuration                0x20000387   Thumb Code    32  main.o(.text)
    delay1ms                                 0x200003a7   Thumb Code    12  main.o(.text)
    NMI_Handler                              0x2000047d   Thumb Code     2  stm32f10x_it.o(.text)
    HardFault_Handler                        0x2000047f   Thumb Code     2  stm32f10x_it.o(.text)
    MemManage_Handler                        0x20000481   Thumb Code     2  stm32f10x_it.o(.text)
    BusFault_Handler                         0x20000483   Thumb Code     2  stm32f10x_it.o(.text)
    UsageFault_Handler                       0x20000485   Thumb Code     2  stm32f10x_it.o(.text)
    SVC_Handler                              0x20000487   Thumb Code     2  stm32f10x_it.o(.text)
    DebugMon_Handler                         0x20000489   Thumb Code     2  stm32f10x_it.o(.text)
    PendSV_Handler                           0x2000048b   Thumb Code     2  stm32f10x_it.o(.text)
    SysTick_Handler                          0x2000048d   Thumb Code    50  stm32f10x_it.o(.text)
    USART1_IRQHandler                        0x200004bf   Thumb Code    90  stm32f10x_it.o(.text)
    USART2_IRQHandler                        0x20000519   Thumb Code    88  stm32f10x_it.o(.text)
    USART3_IRQHandler                        0x20000571   Thumb Code    88  stm32f10x_it.o(.text)
    UART4_IRQHandler                         0x200005c9   Thumb Code    88  stm32f10x_it.o(.text)
    UART5_IRQHandler                         0x20000621   Thumb Code    88  stm32f10x_it.o(.text)
    LED_GPIO_Configuration                   0x200006d1   Thumb Code    32  user_led.o(.text)
    LED                                      0x200006f1   Thumb Code   290  user_led.o(.text)
    UART1_Configuration                      0x20000819   Thumb Code    64  user_uart.o(.text)
    UART1_GPIO_Configuration                 0x20000859   Thumb Code    54  user_uart.o(.text)
    Uart1_PutChar                            0x2000088f   Thumb Code    30  user_uart.o(.text)
    Uart1_PutString                          0x200008ad   Thumb Code    44  user_uart.o(.text)
    Uart1_Work                               0x200008d9   Thumb Code    84  user_uart.o(.text)
    UART2_Configuration                      0x2000092d   Thumb Code    64  user_uart.o(.text)
    UART2_GPIO_Configuration                 0x2000096d   Thumb Code    50  user_uart.o(.text)
    Uart2_PutChar                            0x2000099f   Thumb Code    30  user_uart.o(.text)
    Uart2_PutString                          0x200009bd   Thumb Code    30  user_uart.o(.text)
    Uart2_Work                               0x200009db   Thumb Code    56  user_uart.o(.text)
    UART3_Configuration                      0x20000a13   Thumb Code    64  user_uart.o(.text)
    UART3_GPIO_Configuration                 0x20000a53   Thumb Code    54  user_uart.o(.text)
    Uart3_PutChar                            0x20000a89   Thumb Code    30  user_uart.o(.text)
    Uart3_PutString                          0x20000aa7   Thumb Code    28  user_uart.o(.text)
    Uart3_Work                               0x20000ac3   Thumb Code    56  user_uart.o(.text)
    UART4_Configuration                      0x20000afb   Thumb Code    64  user_uart.o(.text)
    UART4_GPIO_Configuration                 0x20000b3b   Thumb Code    54  user_uart.o(.text)
    Uart4_PutChar                            0x20000b71   Thumb Code    30  user_uart.o(.text)
    Uart4_PutString                          0x20000b8f   Thumb Code    28  user_uart.o(.text)
    Uart4_Work                               0x20000bab   Thumb Code    56  user_uart.o(.text)
    UART5_Configuration                      0x20000be3   Thumb Code   122  user_uart.o(.text)
    UART5_GPIO_Configuration                 0x20000c5d   Thumb Code    50  user_uart.o(.text)
    Uart5_PutChar                            0x20000c8f   Thumb Code    30  user_uart.o(.text)
    Uart5_PutString                          0x20000cad   Thumb Code    30  user_uart.o(.text)
    Uart5_Work                               0x20000ccb   Thumb Code    54  user_uart.o(.text)
    Show_Unique_Device_ID                    0x20000d15   Thumb Code   190  user_id.o(.text)
    KEY_GPIO_Configuration                   0x20000ddd   Thumb Code    56  user_key.o(.text)
    KEY_GPIO_Scanning                        0x20000e15   Thumb Code   182  user_key.o(.text)
    LED_For_Key_Shine                        0x20000ecb   Thumb Code   134  user_key.o(.text)
    NVIC_PriorityGroupConfig                 0x20000f5d   Thumb Code    10  misc.o(.text)
    NVIC_Init                                0x20000f67   Thumb Code    92  misc.o(.text)
    NVIC_SetVectorTable                      0x20000fc3   Thumb Code    14  misc.o(.text)
    NVIC_SystemLPConfig                      0x20000fd1   Thumb Code    24  misc.o(.text)
    SysTick_CLKSourceConfig                  0x20000fe9   Thumb Code    24  misc.o(.text)
    GPIO_DeInit                              0x2000100d   Thumb Code   152  stm32f10x_gpio.o(.text)
    GPIO_AFIODeInit                          0x200010a5   Thumb Code    22  stm32f10x_gpio.o(.text)
    GPIO_Init                                0x200010bb   Thumb Code   160  stm32f10x_gpio.o(.text)
    GPIO_StructInit                          0x2000115b   Thumb Code    16  stm32f10x_gpio.o(.text)
    GPIO_ReadInputDataBit                    0x2000116b   Thumb Code    14  stm32f10x_gpio.o(.text)
    GPIO_ReadInputData                       0x20001179   Thumb Code     6  stm32f10x_gpio.o(.text)
    GPIO_ReadOutputDataBit                   0x2000117f   Thumb Code    14  stm32f10x_gpio.o(.text)
    GPIO_ReadOutputData                      0x2000118d   Thumb Code     6  stm32f10x_gpio.o(.text)
    GPIO_SetBits                             0x20001193   Thumb Code     4  stm32f10x_gpio.o(.text)
    GPIO_ResetBits                           0x20001197   Thumb Code     4  stm32f10x_gpio.o(.text)
    GPIO_WriteBit                            0x2000119b   Thumb Code    10  stm32f10x_gpio.o(.text)
    GPIO_Write                               0x200011a5   Thumb Code     4  stm32f10x_gpio.o(.text)
    GPIO_PinLockConfig                       0x200011a9   Thumb Code    16  stm32f10x_gpio.o(.text)
    GPIO_EventOutputConfig                   0x200011b9   Thumb Code    22  stm32f10x_gpio.o(.text)
    GPIO_EventOutputCmd                      0x200011cf   Thumb Code     6  stm32f10x_gpio.o(.text)
    GPIO_PinRemapConfig                      0x200011d5   Thumb Code    66  stm32f10x_gpio.o(.text)
    GPIO_EXTILineConfig                      0x20001217   Thumb Code    34  stm32f10x_gpio.o(.text)
    RCC_DeInit                               0x20001249   Thumb Code    48  stm32f10x_rcc.o(.text)
    RCC_HSEConfig                            0x20001279   Thumb Code    48  stm32f10x_rcc.o(.text)
    RCC_GetFlagStatus                        0x200012a9   Thumb Code    42  stm32f10x_rcc.o(.text)
    RCC_WaitForHSEStartUp                    0x200012d3   Thumb Code    36  stm32f10x_rcc.o(.text)
    RCC_AdjustHSICalibrationValue            0x200012f7   Thumb Code    16  stm32f10x_rcc.o(.text)
    RCC_HSICmd                               0x20001307   Thumb Code     6  stm32f10x_rcc.o(.text)
    RCC_PLLConfig                            0x2000130d   Thumb Code    16  stm32f10x_rcc.o(.text)
    RCC_PLLCmd                               0x2000131d   Thumb Code     6  stm32f10x_rcc.o(.text)
    RCC_SYSCLKConfig                         0x20001323   Thumb Code    14  stm32f10x_rcc.o(.text)
    RCC_GetSYSCLKSource                      0x20001331   Thumb Code    10  stm32f10x_rcc.o(.text)
    RCC_HCLKConfig                           0x2000133b   Thumb Code    14  stm32f10x_rcc.o(.text)
    RCC_PCLK1Config                          0x20001349   Thumb Code    14  stm32f10x_rcc.o(.text)
    RCC_PCLK2Config                          0x20001357   Thumb Code    16  stm32f10x_rcc.o(.text)
    RCC_ITConfig                             0x20001367   Thumb Code    18  stm32f10x_rcc.o(.text)
    RCC_USBCLKConfig                         0x20001379   Thumb Code     8  stm32f10x_rcc.o(.text)
    RCC_ADCCLKConfig                         0x20001381   Thumb Code    14  stm32f10x_rcc.o(.text)
    RCC_LSEConfig                            0x2000138f   Thumb Code    28  stm32f10x_rcc.o(.text)
    RCC_LSICmd                               0x200013ab   Thumb Code     6  stm32f10x_rcc.o(.text)
    RCC_RTCCLKConfig                         0x200013b1   Thumb Code    10  stm32f10x_rcc.o(.text)
    RCC_RTCCLKCmd                            0x200013bb   Thumb Code     8  stm32f10x_rcc.o(.text)
    RCC_GetClocksFreq                        0x200013c3   Thumb Code   132  stm32f10x_rcc.o(.text)
    RCC_AHBPeriphClockCmd                    0x20001447   Thumb Code    18  stm32f10x_rcc.o(.text)
    RCC_APB2PeriphClockCmd                   0x20001459   Thumb Code    18  stm32f10x_rcc.o(.text)
    RCC_APB1PeriphClockCmd                   0x2000146b   Thumb Code    18  stm32f10x_rcc.o(.text)
    RCC_APB2PeriphResetCmd                   0x2000147d   Thumb Code    18  stm32f10x_rcc.o(.text)
    RCC_APB1PeriphResetCmd                   0x2000148f   Thumb Code    18  stm32f10x_rcc.o(.text)
    RCC_BackupResetCmd                       0x200014a1   Thumb Code     8  stm32f10x_rcc.o(.text)
    RCC_ClockSecuritySystemCmd               0x200014a9   Thumb Code     6  stm32f10x_rcc.o(.text)
    RCC_MCOConfig                            0x200014af   Thumb Code     6  stm32f10x_rcc.o(.text)
    RCC_ClearFlag                            0x200014b5   Thumb Code    12  stm32f10x_rcc.o(.text)
    RCC_GetITStatus                          0x200014c1   Thumb Code    16  stm32f10x_rcc.o(.text)
    RCC_ClearITPendingBit                    0x200014d1   Thumb Code     6  stm32f10x_rcc.o(.text)
    USART_DeInit                             0x200014f9   Thumb Code    98  stm32f10x_usart.o(.text)
    USART_Init                               0x2000155b   Thumb Code   134  stm32f10x_usart.o(.text)
    USART_StructInit                         0x200015e1   Thumb Code    22  stm32f10x_usart.o(.text)
    USART_ClockInit                          0x200015f7   Thumb Code    30  stm32f10x_usart.o(.text)
    USART_ClockStructInit                    0x20001615   Thumb Code    12  stm32f10x_usart.o(.text)
    USART_Cmd                                0x20001621   Thumb Code    20  stm32f10x_usart.o(.text)
    USART_ITConfig                           0x20001635   Thumb Code    48  stm32f10x_usart.o(.text)
    USART_DMACmd                             0x20001665   Thumb Code    16  stm32f10x_usart.o(.text)
    USART_SetAddress                         0x20001675   Thumb Code    16  stm32f10x_usart.o(.text)
    USART_WakeUpConfig                       0x20001685   Thumb Code    16  stm32f10x_usart.o(.text)
    USART_ReceiverWakeUpCmd                  0x20001695   Thumb Code    20  stm32f10x_usart.o(.text)
    USART_LINBreakDetectLengthConfig         0x200016a9   Thumb Code    16  stm32f10x_usart.o(.text)
    USART_LINCmd                             0x200016b9   Thumb Code    20  stm32f10x_usart.o(.text)
    USART_SendData                           0x200016cd   Thumb Code     8  stm32f10x_usart.o(.text)
    USART_ReceiveData                        0x200016d5   Thumb Code     8  stm32f10x_usart.o(.text)
    USART_SendBreak                          0x200016dd   Thumb Code    10  stm32f10x_usart.o(.text)
    USART_SetGuardTime                       0x200016e7   Thumb Code    16  stm32f10x_usart.o(.text)
    USART_SetPrescaler                       0x200016f7   Thumb Code    16  stm32f10x_usart.o(.text)
    USART_SmartCardCmd                       0x20001707   Thumb Code    20  stm32f10x_usart.o(.text)
    USART_SmartCardNACKCmd                   0x2000171b   Thumb Code    20  stm32f10x_usart.o(.text)
    USART_HalfDuplexCmd                      0x2000172f   Thumb Code    20  stm32f10x_usart.o(.text)
    USART_IrDAConfig                         0x20001743   Thumb Code    16  stm32f10x_usart.o(.text)
    USART_IrDACmd                            0x20001753   Thumb Code    20  stm32f10x_usart.o(.text)
    USART_GetFlagStatus                      0x20001767   Thumb Code    14  stm32f10x_usart.o(.text)
    USART_ClearFlag                          0x20001775   Thumb Code     6  stm32f10x_usart.o(.text)
    USART_GetITStatus                        0x2000177b   Thumb Code    62  stm32f10x_usart.o(.text)
    USART_ClearITPendingBit                  0x200017b9   Thumb Code    12  stm32f10x_usart.o(.text)
    SystemInit                               0x200017d1   Thumb Code    50  system_stm32f10x.o(.text)
    SystemInit_ExtMemCtl                     0x2000189d   Thumb Code     2  startup_stm32f10x_hd.o(.text)
    Reset_Handler                            0x2000189f   Thumb Code    14  startup_stm32f10x_hd.o(.text)
    ADC1_2_IRQHandler                        0x200018bf   Thumb Code     0  startup_stm32f10x_hd.o(.text)
    ADC3_IRQHandler                          0x200018bf   Thumb Code     0  startup_stm32f10x_hd.o(.text)
    CAN1_RX1_IRQHandler                      0x200018bf   Thumb Code     0  startup_stm32f10x_hd.o(.text)
    CAN1_SCE_IRQHandler                      0x200018bf   Thumb Code     0  startup_stm32f10x_hd.o(.text)
    DMA1_Channel1_IRQHandler                 0x200018bf   Thumb Code     0  startup_stm32f10x_hd.o(.text)
    DMA1_Channel2_IRQHandler                 0x200018bf   Thumb Code     0  startup_stm32f10x_hd.o(.text)
    DMA1_Channel3_IRQHandler                 0x200018bf   Thumb Code     0  startup_stm32f10x_hd.o(.text)
    DMA1_Channel4_IRQHandler                 0x200018bf   Thumb Code     0  startup_stm32f10x_hd.o(.text)
    DMA1_Channel5_IRQHandler                 0x200018bf   Thumb Code     0  startup_stm32f10x_hd.o(.text)
    DMA1_Channel6_IRQHandler                 0x200018bf   Thumb Code     0  startup_stm32f10x_hd.o(.text)
    DMA1_Channel7_IRQHandler                 0x200018bf   Thumb Code     0  startup_stm32f10x_hd.o(.text)
    DMA2_Channel1_IRQHandler                 0x200018bf   Thumb Code     0  startup_stm32f10x_hd.o(.text)
    DMA2_Channel2_IRQHandler                 0x200018bf   Thumb Code     0  startup_stm32f10x_hd.o(.text)
    DMA2_Channel3_IRQHandler                 0x200018bf   Thumb Code     0  startup_stm32f10x_hd.o(.text)
    DMA2_Channel4_5_IRQHandler               0x200018bf   Thumb Code     0  startup_stm32f10x_hd.o(.text)
    EXTI0_IRQHandler                         0x200018bf   Thumb Code     0  startup_stm32f10x_hd.o(.text)
    EXTI15_10_IRQHandler                     0x200018bf   Thumb Code     0  startup_stm32f10x_hd.o(.text)
    EXTI1_IRQHandler                         0x200018bf   Thumb Code     0  startup_stm32f10x_hd.o(.text)
    EXTI2_IRQHandler                         0x200018bf   Thumb Code     0  startup_stm32f10x_hd.o(.text)
    EXTI3_IRQHandler                         0x200018bf   Thumb Code     0  startup_stm32f10x_hd.o(.text)
    EXTI4_IRQHandler                         0x200018bf   Thumb Code     0  startup_stm32f10x_hd.o(.text)
    EXTI9_5_IRQHandler                       0x200018bf   Thumb Code     0  startup_stm32f10x_hd.o(.text)
    FLASH_IRQHandler                         0x200018bf   Thumb Code     0  startup_stm32f10x_hd.o(.text)
    FSMC_IRQHandler                          0x200018bf   Thumb Code     0  startup_stm32f10x_hd.o(.text)
    I2C1_ER_IRQHandler                       0x200018bf   Thumb Code     0  startup_stm32f10x_hd.o(.text)
    I2C1_EV_IRQHandler                       0x200018bf   Thumb Code     0  startup_stm32f10x_hd.o(.text)
    I2C2_ER_IRQHandler                       0x200018bf   Thumb Code     0  startup_stm32f10x_hd.o(.text)
    I2C2_EV_IRQHandler                       0x200018bf   Thumb Code     0  startup_stm32f10x_hd.o(.text)
    PVD_IRQHandler                           0x200018bf   Thumb Code     0  startup_stm32f10x_hd.o(.text)
    RCC_IRQHandler                           0x200018bf   Thumb Code     0  startup_stm32f10x_hd.o(.text)
    RTCAlarm_IRQHandler                      0x200018bf   Thumb Code     0  startup_stm32f10x_hd.o(.text)
    RTC_IRQHandler                           0x200018bf   Thumb Code     0  startup_stm32f10x_hd.o(.text)
    SDIO_IRQHandler                          0x200018bf   Thumb Code     0  startup_stm32f10x_hd.o(.text)
    SPI1_IRQHandler                          0x200018bf   Thumb Code     0  startup_stm32f10x_hd.o(.text)
    SPI2_IRQHandler                          0x200018bf   Thumb Code     0  startup_stm32f10x_hd.o(.text)
    SPI3_IRQHandler                          0x200018bf   Thumb Code     0  startup_stm32f10x_hd.o(.text)
    TAMPER_IRQHandler                        0x200018bf   Thumb Code     0  startup_stm32f10x_hd.o(.text)
    TIM1_BRK_IRQHandler                      0x200018bf   Thumb Code     0  startup_stm32f10x_hd.o(.text)
    TIM1_CC_IRQHandler                       0x200018bf   Thumb Code     0  startup_stm32f10x_hd.o(.text)
    TIM1_TRG_COM_IRQHandler                  0x200018bf   Thumb Code     0  startup_stm32f10x_hd.o(.text)
    TIM1_UP_IRQHandler                       0x200018bf   Thumb Code     0  startup_stm32f10x_hd.o(.text)
    TIM2_IRQHandler                          0x200018bf   Thumb Code     0  startup_stm32f10x_hd.o(.text)
    TIM3_IRQHandler                          0x200018bf   Thumb Code     0  startup_stm32f10x_hd.o(.text)
    TIM4_IRQHandler                          0x200018bf   Thumb Code     0  startup_stm32f10x_hd.o(.text)
    TIM5_IRQHandler                          0x200018bf   Thumb Code     0  startup_stm32f10x_hd.o(.text)
    TIM6_IRQHandler                          0x200018bf   Thumb Code     0  startup_stm32f10x_hd.o(.text)
    TIM7_IRQHandler                          0x200018bf   Thumb Code     0  startup_stm32f10x_hd.o(.text)
    TIM8_BRK_IRQHandler                      0x200018bf   Thumb Code     0  startup_stm32f10x_hd.o(.text)
    TIM8_CC_IRQHandler                       0x200018bf   Thumb Code     0  startup_stm32f10x_hd.o(.text)
    TIM8_TRG_COM_IRQHandler                  0x200018bf   Thumb Code     0  startup_stm32f10x_hd.o(.text)
    TIM8_UP_IRQHandler                       0x200018bf   Thumb Code     0  startup_stm32f10x_hd.o(.text)
    USBWakeUp_IRQHandler                     0x200018bf   Thumb Code     0  startup_stm32f10x_hd.o(.text)
    USB_HP_CAN1_TX_IRQHandler                0x200018bf   Thumb Code     0  startup_stm32f10x_hd.o(.text)
    USB_LP_CAN1_RX0_IRQHandler               0x200018bf   Thumb Code     0  startup_stm32f10x_hd.o(.text)
    WWDG_IRQHandler                          0x200018bf   Thumb Code     0  startup_stm32f10x_hd.o(.text)
    __user_initial_stackheap                 0x200018c1   Thumb Code     0  startup_stm32f10x_hd.o(.text)
    __use_two_region_memory                  0x200018e5   Thumb Code     2  heapauxi.o(.text)
    __rt_heap_escrow$2region                 0x200018e7   Thumb Code     2  heapauxi.o(.text)
    __rt_heap_expand$2region                 0x200018e9   Thumb Code     2  heapauxi.o(.text)
    __user_setup_stackheap                   0x200018eb   Thumb Code    74  sys_stackheap_outer.o(.text)
    exit                                     0x20001935   Thumb Code    12  exit.o(.text)
    __user_libspace                          0x20001941   Thumb Code     8  libspace.o(.text)
    __user_perproc_libspace                  0x20001941   Thumb Code     0  libspace.o(.text)
    __user_perthread_libspace                0x20001941   Thumb Code     0  libspace.o(.text)
    _sys_exit                                0x20001949   Thumb Code    16  sys_exit.o(.text)
    __I$use$semihosting                      0x2000195d   Thumb Code     0  use_no_semi.o(.text)
    __use_no_semihosting_swi                 0x2000195d   Thumb Code     2  use_no_semi.o(.text)
    SystemFrequency                          0x20001960   Data           4  system_stm32f10x.o(.constdata)
    Region$$Table$$Base                      0x20001964   Number         0  anon$$obj.o(Region$$Table)
    Region$$Table$$Limit                     0x20001984   Number         0  anon$$obj.o(Region$$Table)
    TimingDelay                              0x2000f000   Data           4  main.o(.data)
    RxCounter                                0x2000f004   Data           1  user_uart.o(.data)
    UartHaveData                             0x2000f005   Data           1  user_uart.o(.data)
    RxCounter2                               0x2000f006   Data           1  user_uart.o(.data)
    UartHaveData2                            0x2000f007   Data           1  user_uart.o(.data)
    RxCounter3                               0x2000f008   Data           1  user_uart.o(.data)
    UartHaveData3                            0x2000f009   Data           1  user_uart.o(.data)
    RxCounter4                               0x2000f00a   Data           1  user_uart.o(.data)
    UartHaveData4                            0x2000f00b   Data           1  user_uart.o(.data)
    RxCounter5                               0x2000f00c   Data           1  user_uart.o(.data)
    UartHaveData5                            0x2000f00d   Data           1  user_uart.o(.data)
    send1                                    0x2000f00e   Data           6  user_uart.o(.data)
    send2                                    0x2000f014   Data           6  user_uart.o(.data)
    send3                                    0x2000f01a   Data           6  user_uart.o(.data)
    send4                                    0x2000f020   Data           6  user_uart.o(.data)
    send5                                    0x2000f026   Data           6  user_uart.o(.data)
    Dev_Serial0                              0x2000f02c   Data           4  user_id.o(.data)
    Dev_Serial1                              0x2000f030   Data           4  user_id.o(.data)
    Dev_Serial2                              0x2000f034   Data           4  user_id.o(.data)
    RxBuffer                                 0x2000f04c   Data          10  user_uart.o(.bss)
    RxBuffer2                                0x2000f056   Data          10  user_uart.o(.bss)
    RxBuffer3                                0x2000f060   Data          10  user_uart.o(.bss)
    RxBuffer4                                0x2000f06a   Data          10  user_uart.o(.bss)
    RxBuffer5                                0x2000f074   Data          10  user_uart.o(.bss)
    Unique_Device_ID                         0x2000f07e   Data          24  user_id.o(.bss)
    __libspace_start                         0x2000f098   Data          96  libspace.o(.bss)
    __temporary_stack_top$libspace           0x2000f0f8   Data           0  libspace.o(.bss)



==============================================================================

Memory Map of the image

  Image Entry point : 0x20000131

  Load Region LR_IROM1 (Base: 0x20000000, Size: 0x000019d0, Max: 0x0000f000, ABSOLUTE)

    Execution Region ER_IROM1 (Base: 0x20000000, Size: 0x00001984, Max: 0x0000f000, ABSOLUTE)

    Base Addr    Size         Type   Attr      Idx    E Section Name        Object

    0x20000000   0x00000130   Data   RO          537    RESET               startup_stm32f10x_hd.o
    0x20000130   0x00000008   Code   RO          546  * !!!main             __main.o(c_w.l)
    0x20000138   0x00000034   Code   RO          703    !!!scatter          __scatter.o(c_w.l)
    0x2000016c   0x0000001a   Code   RO          705    !!handler_copy      __scatter_copy.o(c_w.l)
    0x20000186   0x00000002   PAD
    0x20000188   0x0000001c   Code   RO          707    !!handler_zi        __scatter_zi.o(c_w.l)
    0x200001a4   0x00000006   Code   RO          578    .ARM.Collect$$libinit$$00000000  libinit.o(c_w.l)
    0x200001aa   0x00000000   Code   RO          586    .ARM.Collect$$libinit$$00000006  libinit2.o(c_w.l)
    0x200001aa   0x00000000   Code   RO          588    .ARM.Collect$$libinit$$00000008  libinit2.o(c_w.l)
    0x200001aa   0x00000000   Code   RO          590    .ARM.Collect$$libinit$$0000000A  libinit2.o(c_w.l)
    0x200001aa   0x00000000   Code   RO          593    .ARM.Collect$$libinit$$0000000D  libinit2.o(c_w.l)
    0x200001aa   0x00000000   Code   RO          595    .ARM.Collect$$libinit$$0000000F  libinit2.o(c_w.l)
    0x200001aa   0x00000000   Code   RO          597    .ARM.Collect$$libinit$$00000011  libinit2.o(c_w.l)
    0x200001aa   0x00000000   Code   RO          599    .ARM.Collect$$libinit$$00000013  libinit2.o(c_w.l)
    0x200001aa   0x00000000   Code   RO          601    .ARM.Collect$$libinit$$00000015  libinit2.o(c_w.l)
    0x200001aa   0x00000000   Code   RO          603    .ARM.Collect$$libinit$$00000017  libinit2.o(c_w.l)
    0x200001aa   0x00000000   Code   RO          605    .ARM.Collect$$libinit$$00000019  libinit2.o(c_w.l)
    0x200001aa   0x00000000   Code   RO          607    .ARM.Collect$$libinit$$0000001B  libinit2.o(c_w.l)
    0x200001aa   0x00000000   Code   RO          609    .ARM.Collect$$libinit$$0000001D  libinit2.o(c_w.l)
    0x200001aa   0x00000000   Code   RO          611    .ARM.Collect$$libinit$$0000001F  libinit2.o(c_w.l)
    0x200001aa   0x00000000   Code   RO          613    .ARM.Collect$$libinit$$00000021  libinit2.o(c_w.l)
    0x200001aa   0x00000000   Code   RO          617    .ARM.Collect$$libinit$$00000028  libinit2.o(c_w.l)
    0x200001aa   0x00000000   Code   RO          619    .ARM.Collect$$libinit$$0000002A  libinit2.o(c_w.l)
    0x200001aa   0x00000000   Code   RO          621    .ARM.Collect$$libinit$$0000002C  libinit2.o(c_w.l)
    0x200001aa   0x00000000   Code   RO          623    .ARM.Collect$$libinit$$0000002E  libinit2.o(c_w.l)
    0x200001aa   0x00000002   Code   RO          624    .ARM.Collect$$libinit$$0000002F  libinit2.o(c_w.l)
    0x200001ac   0x00000002   Code   RO          645    .ARM.Collect$$libshutdown$$00000000  libshutdown.o(c_w.l)
    0x200001ae   0x00000000   Code   RO          658    .ARM.Collect$$libshutdown$$00000003  libshutdown2.o(c_w.l)
    0x200001ae   0x00000000   Code   RO          661    .ARM.Collect$$libshutdown$$00000006  libshutdown2.o(c_w.l)
    0x200001ae   0x00000000   Code   RO          664    .ARM.Collect$$libshutdown$$00000009  libshutdown2.o(c_w.l)
    0x200001ae   0x00000000   Code   RO          666    .ARM.Collect$$libshutdown$$0000000B  libshutdown2.o(c_w.l)
    0x200001ae   0x00000000   Code   RO          669    .ARM.Collect$$libshutdown$$0000000E  libshutdown2.o(c_w.l)
    0x200001ae   0x00000002   Code   RO          670    .ARM.Collect$$libshutdown$$0000000F  libshutdown2.o(c_w.l)
    0x200001b0   0x00000000   Code   RO          548    .ARM.Collect$$rtentry$$00000000  rtentry.o(c_w.l)
    0x200001b0   0x00000000   Code   RO          551    .ARM.Collect$$rtentry$$00000002  rtentry2.o(c_w.l)
    0x200001b0   0x00000006   Code   RO          566    .ARM.Collect$$rtentry$$00000004  rtentry4.o(c_w.l)
    0x200001b6   0x00000000   Code   RO          553    .ARM.Collect$$rtentry$$00000009  rtentry2.o(c_w.l)
    0x200001b6   0x00000004   Code   RO          554    .ARM.Collect$$rtentry$$0000000A  rtentry2.o(c_w.l)
    0x200001ba   0x00000000   Code   RO          556    .ARM.Collect$$rtentry$$0000000C  rtentry2.o(c_w.l)
    0x200001ba   0x00000008   Code   RO          557    .ARM.Collect$$rtentry$$0000000D  rtentry2.o(c_w.l)
    0x200001c2   0x00000000   Code   RO          582    .ARM.Collect$$rtexit$$00000000  rtexit.o(c_w.l)
    0x200001c2   0x00000000   Code   RO          628    .ARM.Collect$$rtexit$$00000002  rtexit2.o(c_w.l)
    0x200001c2   0x00000004   Code   RO          629    .ARM.Collect$$rtexit$$00000003  rtexit2.o(c_w.l)
    0x200001c6   0x00000004   Code   RO          630    .ARM.Collect$$rtexit$$00000004  rtexit2.o(c_w.l)
    0x200001ca   0x00000002   PAD
    0x200001cc   0x000002b0   Code   RO            1    .text               main.o
    0x2000047c   0x00000254   Code   RO          118    .text               stm32f10x_it.o
    0x200006d0   0x00000148   Code   RO          140    .text               user_led.o
    0x20000818   0x000004fc   Code   RO          152    .text               user_uart.o
    0x20000d14   0x000000c8   Code   RO          198    .text               user_id.o
    0x20000ddc   0x00000180   Code   RO          217    .text               user_key.o
    0x20000f5c   0x000000b0   Code   RO          233    .text               misc.o
    0x2000100c   0x0000023c   Code   RO          366    .text               stm32f10x_gpio.o
    0x20001248   0x000002b0   Code   RO          414    .text               stm32f10x_rcc.o
    0x200014f8   0x000002d8   Code   RO          478    .text               stm32f10x_usart.o
    0x200017d0   0x000000cc   Code   RO          513    .text               system_stm32f10x.o
    0x2000189c   0x00000048   Code   RO          538    .text               startup_stm32f10x_hd.o
    0x200018e4   0x00000006   Code   RO          544    .text               heapauxi.o(c_w.l)
    0x200018ea   0x0000004a   Code   RO          568    .text               sys_stackheap_outer.o(c_w.l)
    0x20001934   0x0000000c   Code   RO          570    .text               exit.o(c_w.l)
    0x20001940   0x00000008   Code   RO          579    .text               libspace.o(c_w.l)
    0x20001948   0x00000014   Code   RO          637    .text               sys_exit.o(c_w.l)
    0x2000195c   0x00000002   Code   RO          648    .text               use_no_semi.o(c_w.l)
    0x2000195e   0x00000002   PAD
    0x20001960   0x00000004   Data   RO          514    .constdata          system_stm32f10x.o
    0x20001964   0x00000020   Data   RO          701    Region$$Table       anon$$obj.o


    Execution Region RW_IRAM1 (Base: 0x2000f000, Size: 0x000002f8, Max: 0x00001000, ABSOLUTE)

    Base Addr    Size         Type   Attr      Idx    E Section Name        Object

    0x2000f000   0x00000004   Data   RW            2    .data               main.o
    0x2000f004   0x0000000a   Data   RW          154    .data               user_uart.o
    0x2000f00e   0x00000006   Data   RW          155    .data               user_uart.o
    0x2000f014   0x00000006   Data   RW          156    .data               user_uart.o
    0x2000f01a   0x00000006   Data   RW          157    .data               user_uart.o
    0x2000f020   0x00000006   Data   RW          158    .data               user_uart.o
    0x2000f026   0x00000006   Data   RW          159    .data               user_uart.o
    0x2000f02c   0x0000000c   Data   RW          200    .data               user_id.o
    0x2000f038   0x00000014   Data   RW          415    .data               stm32f10x_rcc.o
    0x2000f04c   0x00000032   Zero   RW          153    .bss                user_uart.o
    0x2000f07e   0x00000018   Zero   RW          199    .bss                user_id.o
    0x2000f096   0x00000002   PAD
    0x2000f098   0x00000060   Zero   RW          580    .bss                libspace.o(c_w.l)
    0x2000f0f8   0x00000000   Zero   RW          536    HEAP                startup_stm32f10x_hd.o
    0x2000f0f8   0x00000200   Zero   RW          535    STACK               startup_stm32f10x_hd.o


==============================================================================

Image component sizes


      Code (inc. data)   RO Data    RW Data    ZI Data      Debug   Object Name

         0          0          0          0          0         20   core_cm3.o
       688         80          0          4          0     232112   main.o
       176         12          0          0          0       1881   misc.o
        72         26        304          0        512        528   startup_stm32f10x_hd.o
       572         16          0          0          0       5491   stm32f10x_gpio.o
       596         88          0          0          0       2282   stm32f10x_it.o
       688         34          0         20          0       8904   stm32f10x_rcc.o
       728         12          0          0          0       8099   stm32f10x_usart.o
       204         16          4          0          0       1557   system_stm32f10x.o
       200         10          0         12         24       1451   user_id.o
       384         12          0          0          0       1221   user_key.o
       328          6          0          0          0        769   user_led.o
      1276         78          0         40         50       7210   user_uart.o

    ----------------------------------------------------------------------
      5912        390        340         76        588     271525   Object Totals
         0          0         32          0          0          0   (incl. Generated)
         0          0          0          0          2          3   (incl. Padding)

    ----------------------------------------------------------------------

      Code (inc. data)   RO Data    RW Data    ZI Data      Debug   Library Member Name

         8          0          0          0          0         68   __main.o
        52          8          0          0          0          0   __scatter.o
        26          0          0          0          0          0   __scatter_copy.o
        28          0          0          0          0          0   __scatter_zi.o
        12          0          0          0          0         68   exit.o
         6          0          0          0          0        148   heapauxi.o
         6          0          0          0          0          0   libinit.o
         2          0          0          0          0          0   libinit2.o
         2          0          0          0          0          0   libshutdown.o
         2          0          0          0          0          0   libshutdown2.o
         8          4          0          0         96         68   libspace.o
         0          0          0          0          0          0   rtentry.o
        12          0          0          0          0          0   rtentry2.o
         6          0          0          0          0          0   rtentry4.o
         0          0          0          0          0          0   rtexit.o
         8          0          0          0          0          0   rtexit2.o
        20         10          0          0          0         68   sys_exit.o
        74          0          0          0          0         80   sys_stackheap_outer.o
         2          0          0          0          0         68   use_no_semi.o

    ----------------------------------------------------------------------
       280         22          0          0         96        568   Library Totals
         6          0          0          0          0          0   (incl. Padding)

    ----------------------------------------------------------------------

      Code (inc. data)   RO Data    RW Data    ZI Data      Debug   Library Name

       274         22          0          0         96        568   c_w.l

    ----------------------------------------------------------------------
       280         22          0          0         96        568   Library Totals

    ----------------------------------------------------------------------

==============================================================================


      Code (inc. data)   RO Data    RW Data    ZI Data      Debug   

      6192        412        340         76        684     270696   Grand Totals
      6192        412        340         76        684     270696   ELF Image Totals
      6192        412        340         76          0          0   ROM Totals

==============================================================================

    Total RO  Size (Code + RO Data)                 6532 (   6.38kB)
    Total RW  Size (RW Data + ZI Data)               760 (   0.74kB)
    Total ROM Size (Code + RO Data + RW Data)       6608 (   6.45kB)

==============================================================================

